Archive member included to satisfy reference by file (symbol)

C:/ST/STM32CubeIDE_1.13.2/STM32CubeIDE/plugins/com.st.stm32cube.ide.mcu.externaltools.gnu-tools-for-stm32.11.3.rel1.win32_1.1.1.202309131626/tools/bin/../lib/gcc/arm-none-eabi/11.3.1/../../../../arm-none-eabi/lib/thumb/v7e-m+fp/hard\libc_nano.a(libc_a-exit.o)
                              C:/ST/STM32CubeIDE_1.13.2/STM32CubeIDE/plugins/com.st.stm32cube.ide.mcu.externaltools.gnu-tools-for-stm32.11.3.rel1.win32_1.1.1.202309131626/tools/bin/../lib/gcc/arm-none-eabi/11.3.1/../../../../arm-none-eabi/lib/thumb/v7e-m+fp/hard/crt0.o (exit)
C:/ST/STM32CubeIDE_1.13.2/STM32CubeIDE/plugins/com.st.stm32cube.ide.mcu.externaltools.gnu-tools-for-stm32.11.3.rel1.win32_1.1.1.202309131626/tools/bin/../lib/gcc/arm-none-eabi/11.3.1/../../../../arm-none-eabi/lib/thumb/v7e-m+fp/hard\libc_nano.a(libc_a-findfp.o)
                              C:/ST/STM32CubeIDE_1.13.2/STM32CubeIDE/plugins/com.st.stm32cube.ide.mcu.externaltools.gnu-tools-for-stm32.11.3.rel1.win32_1.1.1.202309131626/tools/bin/../lib/gcc/arm-none-eabi/11.3.1/../../../../arm-none-eabi/lib/thumb/v7e-m+fp/hard\libc_nano.a(libc_a-exit.o) (__stdio_exit_handler)
C:/ST/STM32CubeIDE_1.13.2/STM32CubeIDE/plugins/com.st.stm32cube.ide.mcu.externaltools.gnu-tools-for-stm32.11.3.rel1.win32_1.1.1.202309131626/tools/bin/../lib/gcc/arm-none-eabi/11.3.1/../../../../arm-none-eabi/lib/thumb/v7e-m+fp/hard\libc_nano.a(libc_a-fwalk.o)
                              C:/ST/STM32CubeIDE_1.13.2/STM32CubeIDE/plugins/com.st.stm32cube.ide.mcu.externaltools.gnu-tools-for-stm32.11.3.rel1.win32_1.1.1.202309131626/tools/bin/../lib/gcc/arm-none-eabi/11.3.1/../../../../arm-none-eabi/lib/thumb/v7e-m+fp/hard\libc_nano.a(libc_a-findfp.o) (_fwalk_sglue)
C:/ST/STM32CubeIDE_1.13.2/STM32CubeIDE/plugins/com.st.stm32cube.ide.mcu.externaltools.gnu-tools-for-stm32.11.3.rel1.win32_1.1.1.202309131626/tools/bin/../lib/gcc/arm-none-eabi/11.3.1/../../../../arm-none-eabi/lib/thumb/v7e-m+fp/hard\libc_nano.a(libc_a-snprintf.o)
                              ./Core/Services/logger_service.o (snprintf)
C:/ST/STM32CubeIDE_1.13.2/STM32CubeIDE/plugins/com.st.stm32cube.ide.mcu.externaltools.gnu-tools-for-stm32.11.3.rel1.win32_1.1.1.202309131626/tools/bin/../lib/gcc/arm-none-eabi/11.3.1/../../../../arm-none-eabi/lib/thumb/v7e-m+fp/hard\libc_nano.a(libc_a-stdio.o)
                              C:/ST/STM32CubeIDE_1.13.2/STM32CubeIDE/plugins/com.st.stm32cube.ide.mcu.externaltools.gnu-tools-for-stm32.11.3.rel1.win32_1.1.1.202309131626/tools/bin/../lib/gcc/arm-none-eabi/11.3.1/../../../../arm-none-eabi/lib/thumb/v7e-m+fp/hard\libc_nano.a(libc_a-findfp.o) (__sread)
C:/ST/STM32CubeIDE_1.13.2/STM32CubeIDE/plugins/com.st.stm32cube.ide.mcu.externaltools.gnu-tools-for-stm32.11.3.rel1.win32_1.1.1.202309131626/tools/bin/../lib/gcc/arm-none-eabi/11.3.1/../../../../arm-none-eabi/lib/thumb/v7e-m+fp/hard\libc_nano.a(libc_a-memset.o)
                              C:/ST/STM32CubeIDE_1.13.2/STM32CubeIDE/plugins/com.st.stm32cube.ide.mcu.externaltools.gnu-tools-for-stm32.11.3.rel1.win32_1.1.1.202309131626/tools/bin/../lib/gcc/arm-none-eabi/11.3.1/../../../../arm-none-eabi/lib/thumb/v7e-m+fp/hard/crt0.o (memset)
C:/ST/STM32CubeIDE_1.13.2/STM32CubeIDE/plugins/com.st.stm32cube.ide.mcu.externaltools.gnu-tools-for-stm32.11.3.rel1.win32_1.1.1.202309131626/tools/bin/../lib/gcc/arm-none-eabi/11.3.1/../../../../arm-none-eabi/lib/thumb/v7e-m+fp/hard\libc_nano.a(libc_a-closer.o)
                              C:/ST/STM32CubeIDE_1.13.2/STM32CubeIDE/plugins/com.st.stm32cube.ide.mcu.externaltools.gnu-tools-for-stm32.11.3.rel1.win32_1.1.1.202309131626/tools/bin/../lib/gcc/arm-none-eabi/11.3.1/../../../../arm-none-eabi/lib/thumb/v7e-m+fp/hard\libc_nano.a(libc_a-stdio.o) (_close_r)
C:/ST/STM32CubeIDE_1.13.2/STM32CubeIDE/plugins/com.st.stm32cube.ide.mcu.externaltools.gnu-tools-for-stm32.11.3.rel1.win32_1.1.1.202309131626/tools/bin/../lib/gcc/arm-none-eabi/11.3.1/../../../../arm-none-eabi/lib/thumb/v7e-m+fp/hard\libc_nano.a(libc_a-reent.o)
                              C:/ST/STM32CubeIDE_1.13.2/STM32CubeIDE/plugins/com.st.stm32cube.ide.mcu.externaltools.gnu-tools-for-stm32.11.3.rel1.win32_1.1.1.202309131626/tools/bin/../lib/gcc/arm-none-eabi/11.3.1/../../../../arm-none-eabi/lib/thumb/v7e-m+fp/hard\libc_nano.a(libc_a-closer.o) (errno)
C:/ST/STM32CubeIDE_1.13.2/STM32CubeIDE/plugins/com.st.stm32cube.ide.mcu.externaltools.gnu-tools-for-stm32.11.3.rel1.win32_1.1.1.202309131626/tools/bin/../lib/gcc/arm-none-eabi/11.3.1/../../../../arm-none-eabi/lib/thumb/v7e-m+fp/hard\libc_nano.a(libc_a-impure.o)
                              C:/ST/STM32CubeIDE_1.13.2/STM32CubeIDE/plugins/com.st.stm32cube.ide.mcu.externaltools.gnu-tools-for-stm32.11.3.rel1.win32_1.1.1.202309131626/tools/bin/../lib/gcc/arm-none-eabi/11.3.1/../../../../arm-none-eabi/lib/thumb/v7e-m+fp/hard\libc_nano.a(libc_a-snprintf.o) (_impure_ptr)
[...]
Memory Configuration

Name             Origin             Length             Attributes
RAM              0x0000000020000000 0x0000000000018000 xrw
FLASH            0x0000000008000000 0x0000000000080000 xr
*default*        0x0000000000000000 0xffffffffffffffff

Linker script and memory map

LOAD C:/ST/STM32CubeIDE_1.13.2/STM32CubeIDE/plugins/com.st.stm32cube.ide.mcu.externaltools.gnu-tools-for-stm32.11.3.rel1.win32_1.1.1.202309131626/tools/bin/../lib/gcc/arm-none-eabi/11.3.1/thumb/v7e-m+fp/hard/crti.o
LOAD C:/ST/STM32CubeIDE_1.13.2/STM32CubeIDE/plugins/com.st.stm32cube.ide.mcu.externaltools.gnu-tools-for-stm32.11.3.rel1.win32_1.1.1.202309131626/tools/bin/../lib/gcc/arm-none-eabi/11.3.1/thumb/v7e-m+fp/hard/crtbegin.o
LOAD C:/ST/STM32CubeIDE_1.13.2/STM32CubeIDE/plugins/com.st.stm32cube.ide.mcu.externaltools.gnu-tools-for-stm32.11.3.rel1.win32_1.1.1.202309131626/tools/bin/../lib/gcc/arm-none-eabi/11.3.1/../../../../arm-none-eabi/lib/thumb/v7e-m+fp/hard/crt0.o
LOAD ./Core/App/app.o
LOAD ./Core/App/app_cli.o
LOAD ./Core/App/app_control.o
LOAD ./Core/App/app_fault.o
LOAD ./Core/App/app_led.o
LOAD ./Core/App/app_logger.o
LOAD ./Core/App/app_sensor.o
LOAD ./Core/Drivers/drv_gpio.o
LOAD ./Core/Drivers/drv_uart.o
LOAD ./Core/Services/logger_service.o
LOAD ./Core/Services/queue_service.o
LOAD ./Core/Services/watchdog_service.o
LOAD ./Core/Src/freertos.o
LOAD ./Core/Src/gpio.o
LOAD ./Core/Src/main.o
LOAD ./Core/Src/stm32f4xx_hal_msp.o
LOAD ./Core/Src/stm32f4xx_it.o
LOAD ./Core/Src/syscalls.o
LOAD ./Core/Src/sysmem.o
LOAD ./Core/Src/system_stm32f4xx.o
LOAD ./Core/Src/usart.o
LOAD ./Core/Startup/startup_stm32f401retx.o
LOAD ./Drivers/STM32F4xx_HAL_Driver/Src/stm32f4xx_hal.o
LOAD ./Drivers/STM32F4xx_HAL_Driver/Src/stm32f4xx_hal_cortex.o
LOAD ./Drivers/STM32F4xx_HAL_Driver/Src/stm32f4xx_hal_dma.o
LOAD ./Drivers/STM32F4xx_HAL_Driver/Src/stm32f4xx_hal_dma_ex.o
LOAD ./Drivers/STM32F4xx_HAL_Driver/Src/stm32f4xx_hal_exti.o
LOAD ./Drivers/STM32F4xx_HAL_Driver/Src/stm32f4xx_hal_flash.o
LOAD ./Drivers/STM32F4xx_HAL_Driver/Src/stm32f4xx_hal_flash_ex.o
LOAD ./Drivers/STM32F4xx_HAL_Driver/Src/stm32f4xx_hal_flash_ramfunc.o
LOAD ./Drivers/STM32F4xx_HAL_Driver/Src/stm32f4xx_hal_gpio.o
LOAD ./Drivers/STM32F4xx_HAL_Driver/Src/stm32f4xx_hal_pwr.o
LOAD ./Drivers/STM32F4xx_HAL_Driver/Src/stm32f4xx_hal_pwr_ex.o
LOAD ./Drivers/STM32F4xx_HAL_Driver/Src/stm32f4xx_hal_rcc.o
LOAD ./Drivers/STM32F4xx_HAL_Driver/Src/stm32f4xx_hal_rcc_ex.o
LOAD ./Drivers/STM32F4xx_HAL_Driver/Src/stm32f4xx_hal_tim.o
LOAD ./Drivers/STM32F4xx_HAL_Driver/Src/stm32f4xx_hal_tim_ex.o
LOAD ./Drivers/STM32F4xx_HAL_Driver/Src/stm32f4xx_hal_uart.o
LOAD ./Middlewares/Third_Party/FreeRTOS/Source/CMSIS_RTOS_V2/cmsis_os2.o
LOAD ./Middlewares/Third_Party/FreeRTOS/Source/croutine.o
LOAD ./Middlewares/Third_Party/FreeRTOS/Source/event_groups.o
LOAD ./Middlewares/Third_Party/FreeRTOS/Source/list.o
LOAD ./Middlewares/Third_Party/FreeRTOS/Source/queue.o
LOAD ./Middlewares/Third_Party/FreeRTOS/Source/stream_buffer.o
LOAD ./Middlewares/Third_Party/FreeRTOS/Source/tasks.o
LOAD ./Middlewares/Third_Party/FreeRTOS/Source/timers.o
LOAD ./Middlewares/Third_Party/FreeRTOS/Source/portable/GCC/ARM_CM4F/port.o
LOAD ./Middlewares/Third_Party/FreeRTOS/Source/portable/MemMang/heap_4.o
START GROUP
LOAD C:/ST/STM32CubeIDE_1.13.2/STM32CubeIDE/plugins/com.st.stm32cube.ide.mcu.externaltools.gnu-tools-for-stm32.11.3.rel1.win32_1.1.1.202309131626/tools/bin/../lib/gcc/arm-none-eabi/11.3.1/../../../../arm-none-eabi/lib/thumb/v7e-m+fp/hard\libc_nano.a
LOAD C:/ST/STM32CubeIDE_1.13.2/STM32CubeIDE/plugins/com.st.stm32cube.ide.mcu.externaltools.gnu-tools-for-stm32.11.3.rel1.win32_1.1.1.202309131626/tools/bin/../lib/gcc/arm-none-eabi/11.3.1/../../../../arm-none-eabi/lib/thumb/v7e-m+fp/hard\libm.a
END GROUP
START GROUP
LOAD C:/ST/STM32CubeIDE_1.13.2/STM32CubeIDE/plugins/com.st.stm32cube.ide.mcu.externaltools.gnu-tools-for-stm32.11.3.rel1.win32_1.1.1.202309131626/tools/bin/../lib/gcc/arm-none-eabi/11.3.1/thumb/v7e-m+fp/hard\libgcc.a
LOAD C:/ST/STM32CubeIDE_1.13.2/STM32CubeIDE/plugins/com.st.stm32cube.ide.mcu.externaltools.gnu-tools-for-stm32.11.3.rel1.win32_1.1.1.202309131626/tools/bin/../lib/gcc/arm-none-eabi/11.3.1/../../../../arm-none-eabi/lib/thumb/v7e-m+fp/hard\libc_nano.a
END GROUP
START GROUP
LOAD C:/ST/STM32CubeIDE_1.13.2/STM32CubeIDE/plugins/com.st.stm32cube.ide.mcu.externaltools.gnu-tools-for-stm32.11.3.rel1.win32_1.1.1.202309131626/tools/bin/../lib/gcc/arm-none-eabi/11.3.1/thumb/v7e-m+fp/hard\libgcc.a
LOAD C:/ST/STM32CubeIDE_1.13.2/STM32CubeIDE/plugins/com.st.stm32cube.ide.mcu.externaltools.gnu-tools-for-stm32.11.3.rel1.win32_1.1.1.202309131626/tools/bin/../lib/gcc/arm-none-eabi/11.3.1/../../../../arm-none-eabi/lib/thumb/v7e-m+fp/hard\libc_nano.a
LOAD C:/ST/STM32CubeIDE_1.13.2/STM32CubeIDE/plugins/com.st.stm32cube.ide.mcu.externaltools.gnu-tools-for-stm32.11.3.rel1.win32_1.1.1.202309131626/tools/bin/../lib/gcc/arm-none-eabi/11.3.1/../../../../arm-none-eabi/lib/thumb/v7e-m+fp/hard\libnosys.a
END GROUP
START GROUP
LOAD C:/ST/STM32CubeIDE_1.13.2/STM32CubeIDE/plugins/com.st.stm32cube.ide.mcu.externaltools.gnu-tools-for-stm32.11.3.rel1.win32_1.1.1.202309131626/tools/bin/../lib/gcc/arm-none-eabi/11.3.1/thumb/v7e-m+fp/hard\libgcc.a
LOAD C:/ST/STM32CubeIDE_1.13.2/STM32CubeIDE/plugins/com.st.stm32cube.ide.mcu.externaltools.gnu-tools-for-stm32.11.3.rel1.win32_1.1.1.202309131626/tools/bin/../lib/gcc/arm-none-eabi/11.3.1/../../../../arm-none-eabi/lib/thumb/v7e-m+fp/hard\libc_nano.a
LOAD C:/ST/STM32CubeIDE_1.13.2/STM32CubeIDE/plugins/com.st.stm32cube.ide.mcu.externaltools.gnu-tools-for-stm32.11.3.rel1.win32_1.1.1.202309131626/tools/bin/../lib/gcc/arm-none-eabi/11.3.1/../../../../arm-none-eabi/lib/thumb/v7e-m+fp/hard\libnosys.a
END GROUP
LOAD C:/ST/STM32CubeIDE_1.13.2/STM32CubeIDE/plugins/com.st.stm32cube.ide.mcu.externaltools.gnu-tools-for-stm32.11.3.rel1.win32_1.1.1.202309131626/tools/bin/../lib/gcc/arm-none-eabi/11.3.1/thumb/v7e-m+fp/hard/crtend.o
LOAD C:/ST/STM32CubeIDE_1.13.2/STM32CubeIDE/plugins/com.st.stm32cube.ide.mcu.externaltools.gnu-tools-for-stm32.11.3.rel1.win32_1.1.1.202309131626/tools/bin/../lib/gcc/arm-none-eabi/11.3.1/thumb/v7e-m+fp/hard/crtn.o
                0x0000000020018000                _estack = (ORIGIN (RAM) + LENGTH (RAM))
                0x0000000000000200                _Min_Heap_Size = 0x200
                0x0000000000000400                _Min_Stack_Size = 0x400

.isr_vector     0x0000000008000000      0x194
                0x0000000008000000                . = ALIGN (0x4)
 *(.isr_vector)
 .isr_vector    0x0000000008000000      0x194 ./Core/Startup/startup_stm32f401retx.o
                0x0000000008000000                g_pfnVectors
                0x0000000008000194                . = ALIGN (0x4)

.text           0x00000000080001a0     0x54a4
                0x00000000080001a0                . = ALIGN (0x4)
 *(.text)
 .text          0x00000000080001a0       0x40 C:/ST/STM32CubeIDE_1.13.2/STM32CubeIDE/plugins/com.st.stm32cube.ide.mcu.externaltools.gnu-tools-for-stm32.11.3.rel1.win32_1.1.1.202309131626/tools/bin/../lib/gcc/arm-none-eabi/11.3.1/thumb/v7e-m+fp/hard/crtbegin.o
 .text          0x00000000080001e0       0x10 C:/ST/STM32CubeIDE_1.13.2/STM32CubeIDE/plugins/com.st.stm32cube.ide.mcu.externaltools.gnu-tools-for-stm32.11.3.rel1.win32_1.1.1.202309131626/tools/bin/../lib/gcc/arm-none-eabi/11.3.1/../../../../arm-none-eabi/lib/thumb/v7e-m+fp/hard\libc_nano.a(libc_a-strlen.o)
                0x00000000080001e0                strlen
 .text          0x00000000080001f0       0xa0 C:/ST/STM32CubeIDE_1.13.2/STM32CubeIDE/plugins/com.st.stm32cube.ide.mcu.externaltools.gnu-tools-for-stm32.11.3.rel1.win32_1.1.1.202309131626/tools/bin/../lib/gcc/arm-none-eabi/11.3.1/../../../../arm-none-eabi/lib/thumb/v7e-m+fp/hard\libc_nano.a(libc_a-memchr.o)
                0x00000000080001f0                memchr
 .text          0x0000000008000290       0x30 C:/ST/STM32CubeIDE_1.13.2/STM32CubeIDE/plugins/com.st.stm32cube.ide.mcu.externaltools.gnu-tools-for-stm32.11.3.rel1.win32_1.1.1.202309131626/tools/bin/../lib/gcc/arm-none-eabi/11.3.1/thumb/v7e-m+fp/hard\libgcc.a(_aeabi_uldivmod.o)
                0x0000000008000290                __aeabi_uldivmod
 .text          0x00000000080002c0      0x2c8 C:/ST/STM32CubeIDE_1.13.2/STM32CubeIDE/plugins/com.st.stm32cube.ide.mcu.externaltools.gnu-tools-for-stm32.11.3.rel1.win32_1.1.1.202309131626/tools/bin/../lib/gcc/arm-none-eabi/11.3.1/thumb/v7e-m+fp/hard\libgcc.a(_udivmoddi4.o)
                0x00000000080002c0                __udivmoddi4
 .text          0x0000000008000588        0x4 C:/ST/STM32CubeIDE_1.13.2/STM32CubeIDE/plugins/com.st.stm32cube.ide.mcu.externaltools.gnu-tools-for-stm32.11.3.rel1.win32_1.1.1.202309131626/tools/bin/../lib/gcc/arm-none-eabi/11.3.1/thumb/v7e-m+fp/hard\libgcc.a(_dvmd_tls.o)
                0x0000000008000588                __aeabi_idiv0
                0x0000000008000588                __aeabi_ldiv0
 *(.text*)
 .text.APP_Init
                0x000000000800058c        0xe ./Core/App/app.o
                0x000000000800058c                APP_Init
 .text.APP_Start
                0x000000000800059a       0x18 ./Core/App/app.o
                0x000000000800059a                APP_Start
 *fill*         0x00000000080005b2        0x2 
 .text.APP_LED_Init
                0x00000000080005b4       0x38 ./Core/App/app_led.o
                0x00000000080005b4                APP_LED_Init
 .text.APP_LED_Task
                0x00000000080005ec       0x4c ./Core/App/app_led.o
 .text.APP_LOGGER_Init
                0x0000000008000638       0x3c ./Core/App/app_logger.o
                0x0000000008000638                APP_LOGGER_Init
 .text.APP_LOGGER_Task
                0x0000000008000674       0x28 ./Core/App/app_logger.o
 .text.UART_Driver_Init
                0x000000000800069c        0xe ./Core/Drivers/drv_uart.o
                0x000000000800069c                UART_Driver_Init
 *fill*         0x00000000080006aa        0x2 
 .text.UART_Driver_SendString
                0x00000000080006ac       0x2c ./Core/Drivers/drv_uart.o
                0x00000000080006ac                UART_Driver_SendString
 .text.LOGGER_SERVICE_Log
                0x00000000080006d8       0x54 ./Core/Services/logger_service.o
                0x00000000080006d8                LOGGER_SERVICE_Log
 .text.QUEUE_SERVICE_Init
                0x000000000800072c       0x40 ./Core/Services/queue_service.o
                0x000000000800072c                QUEUE_SERVICE_Init
 .text.QUEUE_SERVICE_Send
                0x000000000800076c       0x40 ./Core/Services/queue_service.o
                0x000000000800076c                QUEUE_SERVICE_Send
 .text.QUEUE_SERVICE_Receive
                0x00000000080007ac       0x44 ./Core/Services/queue_service.o
                0x00000000080007ac                QUEUE_SERVICE_Receive
 .text.MX_FREERTOS_Init
                0x00000000080007f0       0x10 ./Core/Src/freertos.o
                0x00000000080007f0                MX_FREERTOS_Init
 .text.MX_GPIO_Init
                0x0000000008000800       0xa4 ./Core/Src/gpio.o
                0x0000000008000800                MX_GPIO_Init
 .text.main     0x00000000080008a4       0x22 ./Core/Src/main.o
                0x00000000080008a4                main
 *fill*         0x00000000080008c6        0x2 
 .text.SystemClock_Config
                0x00000000080008c8       0xd4 ./Core/Src/main.o
                0x00000000080008c8                SystemClock_Config
 .text.Error_Handler
                0x000000000800099c        0xa ./Core/Src/main.o
                0x000000000800099c                Error_Handler
 *fill*         0x00000000080009a6        0x2 
 .text.HAL_MspInit
                0x00000000080009a8       0x58 ./Core/Src/stm32f4xx_hal_msp.o
                0x00000000080009a8                HAL_MspInit
 .text.NMI_Handler
                0x0000000008000a00        0x6 ./Core/Src/stm32f4xx_it.o
                0x0000000008000a00                NMI_Handler
 .text.HardFault_Handler
                0x0000000008000a06        0x6 ./Core/Src/stm32f4xx_it.o
                0x0000000008000a06                HardFault_Handler
 .text.MemManage_Handler
                0x0000000008000a0c        0x6 ./Core/Src/stm32f4xx_it.o
                0x0000000008000a0c                MemManage_Handler
 .text.BusFault_Handler
                0x0000000008000a12        0x6 ./Core/Src/stm32f4xx_it.o
                0x0000000008000a12                BusFault_Handler
 .text.UsageFault_Handler
                0x0000000008000a18        0x6 ./Core/Src/stm32f4xx_it.o
                0x0000000008000a18                UsageFault_Handler
 .text.DebugMon_Handler
                0x0000000008000a1e        0xe ./Core/Src/stm32f4xx_it.o
                0x0000000008000a1e                DebugMon_Handler
 .text.SysTick_Handler
                0x0000000008000a2c       0x1a ./Core/Src/stm32f4xx_it.o
                0x0000000008000a2c                SysTick_Handler
 *fill*         0x0000000008000a46        0x2 
 .text._sbrk    0x0000000008000a48       0x6c ./Core/Src/sysmem.o
                0x0000000008000a48                _sbrk
 .text.SystemInit
                0x0000000008000ab4       0x24 ./Core/Src/system_stm32f4xx.o
                0x0000000008000ab4                SystemInit
 .text.MX_USART2_UART_Init
                0x0000000008000ad8       0x54 ./Core/Src/usart.o
                0x0000000008000ad8                MX_USART2_UART_Init
 .text.HAL_UART_MspInit
                0x0000000008000b2c       0x90 ./Core/Src/usart.o
                0x0000000008000b2c                HAL_UART_MspInit
 .text.Reset_Handler
                0x0000000008000bbc       0x50 ./Core/Startup/startup_stm32f401retx.o
                0x0000000008000bbc                Reset_Handler
 .text.Default_Handler
                0x0000000008000c0c        0x2 ./Core/Startup/startup_stm32f401retx.o
                0x0000000008000c0c                RTC_Alarm_IRQHandler
                0x0000000008000c0c                EXTI2_IRQHandler
                0x0000000008000c0c                SPI4_IRQHandler
                0x0000000008000c0c                TIM1_CC_IRQHandler
                0x0000000008000c0c                DMA2_Stream5_IRQHandler
                0x0000000008000c0c                DMA1_Stream5_IRQHandler
                0x0000000008000c0c                PVD_IRQHandler
                0x0000000008000c0c                SDIO_IRQHandler
                0x0000000008000c0c                TAMP_STAMP_IRQHandler
                0x0000000008000c0c                EXTI3_IRQHandler
                0x0000000008000c0c                TIM1_UP_TIM10_IRQHandler
                0x0000000008000c0c                I2C3_ER_IRQHandler
                0x0000000008000c0c                EXTI0_IRQHandler
                0x0000000008000c0c                I2C2_EV_IRQHandler
                0x0000000008000c0c                DMA1_Stream2_IRQHandler
                0x0000000008000c0c                FPU_IRQHandler
                0x0000000008000c0c                DMA2_Stream2_IRQHandler
                0x0000000008000c0c                SPI1_IRQHandler
                0x0000000008000c0c                TIM1_BRK_TIM9_IRQHandler
                0x0000000008000c0c                DMA2_Stream3_IRQHandler
                0x0000000008000c0c                USART6_IRQHandler
                0x0000000008000c0c                DMA2_Stream0_IRQHandler
                0x0000000008000c0c                TIM4_IRQHandler
                0x0000000008000c0c                I2C1_EV_IRQHandler
                0x0000000008000c0c                DMA1_Stream6_IRQHandler
                0x0000000008000c0c                DMA1_Stream1_IRQHandler
                0x0000000008000c0c                TIM3_IRQHandler
                0x0000000008000c0c                RCC_IRQHandler
                0x0000000008000c0c                Default_Handler
                0x0000000008000c0c                EXTI15_10_IRQHandler
                0x0000000008000c0c                ADC_IRQHandler
                0x0000000008000c0c                DMA1_Stream7_IRQHandler
                0x0000000008000c0c                TIM5_IRQHandler
                0x0000000008000c0c                DMA2_Stream7_IRQHandler
                0x0000000008000c0c                I2C3_EV_IRQHandler
                0x0000000008000c0c                EXTI9_5_IRQHandler
                0x0000000008000c0c                RTC_WKUP_IRQHandler
                0x0000000008000c0c                SPI2_IRQHandler
                0x0000000008000c0c                DMA1_Stream0_IRQHandler
                0x0000000008000c0c                EXTI4_IRQHandler
                0x0000000008000c0c                WWDG_IRQHandler
                0x0000000008000c0c                TIM2_IRQHandler
                0x0000000008000c0c                OTG_FS_WKUP_IRQHandler
                0x0000000008000c0c                TIM1_TRG_COM_TIM11_IRQHandler
                0x0000000008000c0c                EXTI1_IRQHandler
                0x0000000008000c0c                USART2_IRQHandler
                0x0000000008000c0c                I2C2_ER_IRQHandler
                0x0000000008000c0c                DMA2_Stream1_IRQHandler
                0x0000000008000c0c                FLASH_IRQHandler
                0x0000000008000c0c                DMA2_Stream4_IRQHandler
                0x0000000008000c0c                USART1_IRQHandler
                0x0000000008000c0c                OTG_FS_IRQHandler
                0x0000000008000c0c                SPI3_IRQHandler
                0x0000000008000c0c                DMA1_Stream4_IRQHandler
                0x0000000008000c0c                I2C1_ER_IRQHandler
                0x0000000008000c0c                DMA2_Stream6_IRQHandler
                0x0000000008000c0c                DMA1_Stream3_IRQHandler
 *fill*         0x0000000008000c0e        0x2 
 .text.HAL_Init
                0x0000000008000c10       0x44 ./Drivers/STM32F4xx_HAL_Driver/Src/stm32f4xx_hal.o
                0x0000000008000c10                HAL_Init
 .text.HAL_InitTick
                0x0000000008000c54       0x60 ./Drivers/STM32F4xx_HAL_Driver/Src/stm32f4xx_hal.o
                0x0000000008000c54                HAL_InitTick
 .text.HAL_IncTick
                0x0000000008000cb4       0x28 ./Drivers/STM32F4xx_HAL_Driver/Src/stm32f4xx_hal.o
                0x0000000008000cb4                HAL_IncTick
 .text.HAL_GetTick
                0x0000000008000cdc       0x18 ./Drivers/STM32F4xx_HAL_Driver/Src/stm32f4xx_hal.o
                0x0000000008000cdc                HAL_GetTick
 .text.__NVIC_SetPriorityGrouping
                0x0000000008000cf4       0x48 ./Drivers/STM32F4xx_HAL_Driver/Src/stm32f4xx_hal_cortex.o
 .text.__NVIC_GetPriorityGrouping
                0x0000000008000d3c       0x1c ./Drivers/STM32F4xx_HAL_Driver/Src/stm32f4xx_hal_cortex.o
 .text.__NVIC_SetPriority
                0x0000000008000d58       0x54 ./Drivers/STM32F4xx_HAL_Driver/Src/stm32f4xx_hal_cortex.o
 .text.NVIC_EncodePriority
                0x0000000008000dac       0x66 ./Drivers/STM32F4xx_HAL_Driver/Src/stm32f4xx_hal_cortex.o
 *fill*         0x0000000008000e12        0x2 
 .text.SysTick_Config
                0x0000000008000e14       0x44 ./Drivers/STM32F4xx_HAL_Driver/Src/stm32f4xx_hal_cortex.o
 .text.HAL_NVIC_SetPriorityGrouping
                0x0000000008000e58       0x16 ./Drivers/STM32F4xx_HAL_Driver/Src/stm32f4xx_hal_cortex.o
                0x0000000008000e58                HAL_NVIC_SetPriorityGrouping
 .text.HAL_NVIC_SetPriority
                0x0000000008000e6e       0x38 ./Drivers/STM32F4xx_HAL_Driver/Src/stm32f4xx_hal_cortex.o
                0x0000000008000e6e                HAL_NVIC_SetPriority
 .text.HAL_SYSTICK_Config
                0x0000000008000ea6       0x18 ./Drivers/STM32F4xx_HAL_Driver/Src/stm32f4xx_hal_cortex.o
                0x0000000008000ea6                HAL_SYSTICK_Config
 *fill*         0x0000000008000ebe        0x2 
 .text.HAL_GPIO_Init
                0x0000000008000ec0      0x308 ./Drivers/STM32F4xx_HAL_Driver/Src/stm32f4xx_hal_gpio.o
                0x0000000008000ec0                HAL_GPIO_Init
 .text.HAL_GPIO_ReadPin
                0x00000000080011c8       0x30 ./Drivers/STM32F4xx_HAL_Driver/Src/stm32f4xx_hal_gpio.o
                0x00000000080011c8                HAL_GPIO_ReadPin
 .text.HAL_GPIO_WritePin
                0x00000000080011f8       0x32 ./Drivers/STM32F4xx_HAL_Driver/Src/stm32f4xx_hal_gpio.o
                0x00000000080011f8                HAL_GPIO_WritePin
 .text.HAL_GPIO_TogglePin
                0x000000000800122a       0x34 ./Drivers/STM32F4xx_HAL_Driver/Src/stm32f4xx_hal_gpio.o
                0x000000000800122a                HAL_GPIO_TogglePin
 *fill*         0x000000000800125e        0x2 
 .text.HAL_RCC_OscConfig
                0x0000000008001260      0x4f0 ./Drivers/STM32F4xx_HAL_Driver/Src/stm32f4xx_hal_rcc.o
                0x0000000008001260                HAL_RCC_OscConfig
 .text.HAL_RCC_ClockConfig
                0x0000000008001750      0x1cc ./Drivers/STM32F4xx_HAL_Driver/Src/stm32f4xx_hal_rcc.o
                0x0000000008001750                HAL_RCC_ClockConfig
 .text.HAL_RCC_GetSysClockFreq
                0x000000000800191c      0x18c ./Drivers/STM32F4xx_HAL_Driver/Src/stm32f4xx_hal_rcc.o
                0x000000000800191c                HAL_RCC_GetSysClockFreq
 .text.HAL_RCC_GetHCLKFreq
                0x0000000008001aa8       0x18 ./Drivers/STM32F4xx_HAL_Driver/Src/stm32f4xx_hal_rcc.o
                0x0000000008001aa8                HAL_RCC_GetHCLKFreq
 .text.HAL_RCC_GetPCLK1Freq
                0x0000000008001ac0       0x28 ./Drivers/STM32F4xx_HAL_Driver/Src/stm32f4xx_hal_rcc.o
                0x0000000008001ac0                HAL_RCC_GetPCLK1Freq
 .text.HAL_RCC_GetPCLK2Freq
                0x0000000008001ae8       0x28 ./Drivers/STM32F4xx_HAL_Driver/Src/stm32f4xx_hal_rcc.o
                0x0000000008001ae8                HAL_RCC_GetPCLK2Freq
 .text.HAL_UART_Init
                0x0000000008001b10       0x9a ./Drivers/STM32F4xx_HAL_Driver/Src/stm32f4xx_hal_uart.o
                0x0000000008001b10                HAL_UART_Init
 .text.HAL_UART_Transmit
                0x0000000008001baa      0x124 ./Drivers/STM32F4xx_HAL_Driver/Src/stm32f4xx_hal_uart.o
                0x0000000008001baa                HAL_UART_Transmit
 .text.UART_WaitOnFlagUntilTimeout
                0x0000000008001cce       0xdc ./Drivers/STM32F4xx_HAL_Driver/Src/stm32f4xx_hal_uart.o
 *fill*         0x0000000008001daa        0x2 
 .text.UART_SetConfig
                0x0000000008001dac      0x4e8 ./Drivers/STM32F4xx_HAL_Driver/Src/stm32f4xx_hal_uart.o
 .text.__NVIC_SetPriority
                0x0000000008002294       0x54 ./Middlewares/Third_Party/FreeRTOS/Source/CMSIS_RTOS_V2/cmsis_os2.o
 .text.SVC_Setup
                0x00000000080022e8       0x12 ./Middlewares/Third_Party/FreeRTOS/Source/CMSIS_RTOS_V2/cmsis_os2.o
 *fill*         0x00000000080022fa        0x2 
 .text.osKernelInitialize
                0x00000000080022fc       0x48 ./Middlewares/Third_Party/FreeRTOS/Source/CMSIS_RTOS_V2/cmsis_os2.o
                0x00000000080022fc                osKernelInitialize
 .text.osKernelStart
                0x0000000008002344       0x4c ./Middlewares/Third_Party/FreeRTOS/Source/CMSIS_RTOS_V2/cmsis_os2.o
                0x0000000008002344                osKernelStart
 .text.vApplicationGetIdleTaskMemory
                0x0000000008002390       0x34 ./Middlewares/Third_Party/FreeRTOS/Source/CMSIS_RTOS_V2/cmsis_os2.o
                0x0000000008002390                vApplicationGetIdleTaskMemory
 .text.vApplicationGetTimerTaskMemory
                0x00000000080023c4       0x34 ./Middlewares/Third_Party/FreeRTOS/Source/CMSIS_RTOS_V2/cmsis_os2.o
                0x00000000080023c4                vApplicationGetTimerTaskMemory
 .text.vListInitialise
                0x00000000080023f8       0x40 ./Middlewares/Third_Party/FreeRTOS/Source/list.o
                0x00000000080023f8                vListInitialise
 .text.vListInitialiseItem
                0x0000000008002438       0x1a ./Middlewares/Third_Party/FreeRTOS/Source/list.o
                0x0000000008002438                vListInitialiseItem
 .text.vListInsertEnd
                0x0000000008002452       0x48 ./Middlewares/Third_Party/FreeRTOS/Source/list.o
                0x0000000008002452                vListInsertEnd
 .text.vListInsert
                0x000000000800249a       0x72 ./Middlewares/Third_Party/FreeRTOS/Source/list.o
                0x000000000800249a                vListInsert
 .text.uxListRemove
                0x000000000800250c       0x54 ./Middlewares/Third_Party/FreeRTOS/Source/list.o
                0x000000000800250c                uxListRemove
 .text.xQueueGenericReset
                0x0000000008002560       0xd0 ./Middlewares/Third_Party/FreeRTOS/Source/queue.o
                0x0000000008002560                xQueueGenericReset
 .text.xQueueGenericCreateStatic
                0x0000000008002630       0xf0 ./Middlewares/Third_Party/FreeRTOS/Source/queue.o
                0x0000000008002630                xQueueGenericCreateStatic
 .text.xQueueGenericCreate
                0x0000000008002720       0x74 ./Middlewares/Third_Party/FreeRTOS/Source/queue.o
                0x0000000008002720                xQueueGenericCreate
 .text.prvInitialiseNewQueue
                0x0000000008002794       0x46 ./Middlewares/Third_Party/FreeRTOS/Source/queue.o
 *fill*         0x00000000080027da        0x2 
 .text.xQueueGenericSend
                0x00000000080027dc      0x1fc ./Middlewares/Third_Party/FreeRTOS/Source/queue.o
                0x00000000080027dc                xQueueGenericSend
 .text.xQueueGenericSendFromISR
                0x00000000080029d8      0x136 ./Middlewares/Third_Party/FreeRTOS/Source/queue.o
                0x00000000080029d8                xQueueGenericSendFromISR
 *fill*         0x0000000008002b0e        0x2 
 .text.xQueueReceive
                0x0000000008002b10      0x1c0 ./Middlewares/Third_Party/FreeRTOS/Source/queue.o
                0x0000000008002b10                xQueueReceive
 .text.prvCopyDataToQueue
                0x0000000008002cd0       0xd4 ./Middlewares/Third_Party/FreeRTOS/Source/queue.o
 .text.prvCopyDataFromQueue
                0x0000000008002da4       0x4c ./Middlewares/Third_Party/FreeRTOS/Source/queue.o
 .text.prvUnlockQueue
                0x0000000008002df0       0xa4 ./Middlewares/Third_Party/FreeRTOS/Source/queue.o
 .text.prvIsQueueEmpty
                0x0000000008002e94       0x2c ./Middlewares/Third_Party/FreeRTOS/Source/queue.o
 .text.prvIsQueueFull
                0x0000000008002ec0       0x30 ./Middlewares/Third_Party/FreeRTOS/Source/queue.o
 .text.vQueueAddToRegistry
                0x0000000008002ef0       0x54 ./Middlewares/Third_Party/FreeRTOS/Source/queue.o
                0x0000000008002ef0                vQueueAddToRegistry
 .text.vQueueWaitForMessageRestricted
                0x0000000008002f44       0x68 ./Middlewares/Third_Party/FreeRTOS/Source/queue.o
                0x0000000008002f44                vQueueWaitForMessageRestricted
 .text.xTaskCreateStatic
                0x0000000008002fac       0xba ./Middlewares/Third_Party/FreeRTOS/Source/tasks.o
                0x0000000008002fac                xTaskCreateStatic
 .text.xTaskCreate
                0x0000000008003066       0x8a ./Middlewares/Third_Party/FreeRTOS/Source/tasks.o
                0x0000000008003066                xTaskCreate
 .text.prvInitialiseNewTask
                0x00000000080030f0      0x11e ./Middlewares/Third_Party/FreeRTOS/Source/tasks.o
 *fill*         0x000000000800320e        0x2 
 .text.prvAddNewTaskToReadyList
                0x0000000008003210       0xe0 ./Middlewares/Third_Party/FreeRTOS/Source/tasks.o
 .text.vTaskDelay
                0x00000000080032f0       0x68 ./Middlewares/Third_Party/FreeRTOS/Source/tasks.o
                0x00000000080032f0                vTaskDelay
 .text.vTaskStartScheduler
                0x0000000008003358       0xcc ./Middlewares/Third_Party/FreeRTOS/Source/tasks.o
                0x0000000008003358                vTaskStartScheduler
 .text.vTaskSuspendAll
                0x0000000008003424       0x1c ./Middlewares/Third_Party/FreeRTOS/Source/tasks.o
                0x0000000008003424                vTaskSuspendAll
 .text.xTaskResumeAll
                0x0000000008003440      0x13c ./Middlewares/Third_Party/FreeRTOS/Source/tasks.o
                0x0000000008003440                xTaskResumeAll
 .text.xTaskGetTickCount
                0x000000000800357c       0x20 ./Middlewares/Third_Party/FreeRTOS/Source/tasks.o
                0x000000000800357c                xTaskGetTickCount
 .text.xTaskIncrementTick
                0x000000000800359c      0x174 ./Middlewares/Third_Party/FreeRTOS/Source/tasks.o
                0x000000000800359c                xTaskIncrementTick
 .text.vTaskSwitchContext
                0x0000000008003710       0xbc ./Middlewares/Third_Party/FreeRTOS/Source/tasks.o
                0x0000000008003710                vTaskSwitchContext
 .text.vTaskPlaceOnEventList
                0x00000000080037cc       0x48 ./Middlewares/Third_Party/FreeRTOS/Source/tasks.o
                0x00000000080037cc                vTaskPlaceOnEventList
 .text.vTaskPlaceOnEventListRestricted
                0x0000000008003814       0x58 ./Middlewares/Third_Party/FreeRTOS/Source/tasks.o
                0x0000000008003814                vTaskPlaceOnEventListRestricted
 .text.xTaskRemoveFromEventList
                0x000000000800386c       0xc8 ./Middlewares/Third_Party/FreeRTOS/Source/tasks.o
                0x000000000800386c                xTaskRemoveFromEventList
 .text.vTaskInternalSetTimeOutState
                0x0000000008003934       0x2c ./Middlewares/Third_Party/FreeRTOS/Source/tasks.o
                0x0000000008003934                vTaskInternalSetTimeOutState
 .text.xTaskCheckForTimeOut
                0x0000000008003960       0xc4 ./Middlewares/Third_Party/FreeRTOS/Source/tasks.o
                0x0000000008003960                xTaskCheckForTimeOut
 .text.vTaskMissedYield
                0x0000000008003a24       0x18 ./Middlewares/Third_Party/FreeRTOS/Source/tasks.o
                0x0000000008003a24                vTaskMissedYield
 .text.prvIdleTask
                0x0000000008003a3c       0x30 ./Middlewares/Third_Party/FreeRTOS/Source/tasks.o
 .text.prvInitialiseTaskLists
                0x0000000008003a6c       0x80 ./Middlewares/Third_Party/FreeRTOS/Source/tasks.o
 .text.prvCheckTasksWaitingTermination
                0x0000000008003aec       0x5c ./Middlewares/Third_Party/FreeRTOS/Source/tasks.o
 .text.prvDeleteTCB
                0x0000000008003b48       0x5e ./Middlewares/Third_Party/FreeRTOS/Source/tasks.o
 *fill*         0x0000000008003ba6        0x2 
 .text.prvResetNextTaskUnblockTime
                0x0000000008003ba8       0x40 ./Middlewares/Third_Party/FreeRTOS/Source/tasks.o
 .text.xTaskGetSchedulerState
                0x0000000008003be8       0x3c ./Middlewares/Third_Party/FreeRTOS/Source/tasks.o
                0x0000000008003be8                xTaskGetSchedulerState
 .text.xTaskPriorityDisinherit
                0x0000000008003c24       0xdc ./Middlewares/Third_Party/FreeRTOS/Source/tasks.o
                0x0000000008003c24                xTaskPriorityDisinherit
 .text.prvAddCurrentTaskToDelayedList
                0x0000000008003d00       0xa8 ./Middlewares/Third_Party/FreeRTOS/Source/tasks.o
 .text.xTimerCreateTimerTask
                0x0000000008003da8       0x90 ./Middlewares/Third_Party/FreeRTOS/Source/timers.o
                0x0000000008003da8                xTimerCreateTimerTask
 .text.xTimerGenericCommand
                0x0000000008003e38       0x9c ./Middlewares/Third_Party/FreeRTOS/Source/timers.o
                0x0000000008003e38                xTimerGenericCommand
 .text.prvProcessExpiredTimer
                0x0000000008003ed4       0x98 ./Middlewares/Third_Party/FreeRTOS/Source/timers.o
 .text.prvTimerTask
                0x0000000008003f6c       0x24 ./Middlewares/Third_Party/FreeRTOS/Source/timers.o
 .text.prvProcessTimerOrBlockTask
                0x0000000008003f90       0x9c ./Middlewares/Third_Party/FreeRTOS/Source/timers.o
 .text.prvGetNextExpireTime
                0x000000000800402c       0x48 ./Middlewares/Third_Party/FreeRTOS/Source/timers.o
 .text.prvSampleTimeNow
                0x0000000008004074       0x40 ./Middlewares/Third_Party/FreeRTOS/Source/timers.o
 .text.prvInsertTimerInActiveList
                0x00000000080040b4       0x84 ./Middlewares/Third_Party/FreeRTOS/Source/timers.o
 .text.prvProcessReceivedCommands
                0x0000000008004138      0x1c4 ./Middlewares/Third_Party/FreeRTOS/Source/timers.o
 .text.prvSwitchTimerLists
                0x00000000080042fc       0xc8 ./Middlewares/Third_Party/FreeRTOS/Source/timers.o
 .text.prvCheckForValidListAndQueue
                0x00000000080043c4       0x80 ./Middlewares/Third_Party/FreeRTOS/Source/timers.o
 .text.pxPortInitialiseStack
                0x0000000008004444       0x68 ./Middlewares/Third_Party/FreeRTOS/Source/portable/GCC/ARM_CM4F/port.o
                0x0000000008004444                pxPortInitialiseStack
 .text.prvTaskExitError
                0x00000000080044ac       0x58 ./Middlewares/Third_Party/FreeRTOS/Source/portable/GCC/ARM_CM4F/port.o
 *fill*         0x0000000008004504        0xc 
 .text.SVC_Handler
                0x0000000008004510       0x28 ./Middlewares/Third_Party/FreeRTOS/Source/portable/GCC/ARM_CM4F/port.o
                0x0000000008004510                SVC_Handler
 .text.prvPortStartFirstTask
                0x0000000008004538       0x28 ./Middlewares/Third_Party/FreeRTOS/Source/portable/GCC/ARM_CM4F/port.o
 .text.xPortStartScheduler
                0x0000000008004560      0x144 ./Middlewares/Third_Party/FreeRTOS/Source/portable/GCC/ARM_CM4F/port.o
                0x0000000008004560                xPortStartScheduler
 .text.vPortEnterCritical
                0x00000000080046a4       0x60 ./Middlewares/Third_Party/FreeRTOS/Source/portable/GCC/ARM_CM4F/port.o
                0x00000000080046a4                vPortEnterCritical
 .text.vPortExitCritical
                0x0000000008004704       0x54 ./Middlewares/Third_Party/FreeRTOS/Source/portable/GCC/ARM_CM4F/port.o
                0x0000000008004704                vPortExitCritical
 *fill*         0x0000000008004758        0x8 
 .text.PendSV_Handler
                0x0000000008004760       0x68 ./Middlewares/Third_Party/FreeRTOS/Source/portable/GCC/ARM_CM4F/port.o
                0x0000000008004760                PendSV_Handler
 .text.xPortSysTickHandler
                0x00000000080047c8       0x44 ./Middlewares/Third_Party/FreeRTOS/Source/portable/GCC/ARM_CM4F/port.o
                0x00000000080047c8                xPortSysTickHandler
 .text.vPortSetupTimerInterrupt
                0x000000000800480c       0x48 ./Middlewares/Third_Party/FreeRTOS/Source/portable/GCC/ARM_CM4F/port.o
                0x000000000800480c                vPortSetupTimerInterrupt
 .text.vPortEnableVFP
                0x0000000008004854       0x14 ./Middlewares/Third_Party/FreeRTOS/Source/portable/GCC/ARM_CM4F/port.o
 .text.vPortValidateInterruptPriority
                0x0000000008004868       0x80 ./Middlewares/Third_Party/FreeRTOS/Source/portable/GCC/ARM_CM4F/port.o
                0x0000000008004868                vPortValidateInterruptPriority
 .text.pvPortMalloc
                0x00000000080048e8      0x198 ./Middlewares/Third_Party/FreeRTOS/Source/portable/MemMang/heap_4.o
                0x00000000080048e8                pvPortMalloc
 .text.vPortFree
                0x0000000008004a80       0xc4 ./Middlewares/Third_Party/FreeRTOS/Source/portable/MemMang/heap_4.o
                0x0000000008004a80                vPortFree
 .text.prvHeapInit
                0x0000000008004b44       0xc4 ./Middlewares/Third_Party/FreeRTOS/Source/portable/MemMang/heap_4.o
 .text.prvInsertBlockIntoFreeList
                0x0000000008004c08       0xb4 ./Middlewares/Third_Party/FreeRTOS/Source/portable/MemMang/heap_4.o
 .text.snprintf
                0x0000000008004cbc       0x68 C:/ST/STM32CubeIDE_1.13.2/STM32CubeIDE/plugins/com.st.stm32cube.ide.mcu.externaltools.gnu-tools-for-stm32.11.3.rel1.win32_1.1.1.202309131626/tools/bin/../lib/gcc/arm-none-eabi/11.3.1/../../../../arm-none-eabi/lib/thumb/v7e-m+fp/hard\libc_nano.a(libc_a-snprintf.o)
                0x0000000008004cbc                sniprintf
                0x0000000008004cbc                snprintf
 .text.memset   0x0000000008004d24       0x10 C:/ST/STM32CubeIDE_1.13.2/STM32CubeIDE/plugins/com.st.stm32cube.ide.mcu.externaltools.gnu-tools-for-stm32.11.3.rel1.win32_1.1.1.202309131626/tools/bin/../lib/gcc/arm-none-eabi/11.3.1/../../../../arm-none-eabi/lib/thumb/v7e-m+fp/hard\libc_nano.a(libc_a-memset.o)
                0x0000000008004d24                memset
 .text.__errno  0x0000000008004d34        0xc C:/ST/STM32CubeIDE_1.13.2/STM32CubeIDE/plugins/com.st.stm32cube.ide.mcu.externaltools.gnu-tools-for-stm32.11.3.rel1.win32_1.1.1.202309131626/tools/bin/../lib/gcc/arm-none-eabi/11.3.1/../../../../arm-none-eabi/lib/thumb/v7e-m+fp/hard\libc_nano.a(libc_a-errno.o)
                0x0000000008004d34                __errno
 .text.__libc_init_array
                0x0000000008004d40       0x48 C:/ST/STM32CubeIDE_1.13.2/STM32CubeIDE/plugins/com.st.stm32cube.ide.mcu.externaltools.gnu-tools-for-stm32.11.3.rel1.win32_1.1.1.202309131626/tools/bin/../lib/gcc/arm-none-eabi/11.3.1/../../../../arm-none-eabi/lib/thumb/v7e-m+fp/hard\libc_nano.a(libc_a-init.o)
                0x0000000008004d40                __libc_init_array
 .text.__retarget_lock_acquire_recursive
                0x0000000008004d88        0x2 C:/ST/STM32CubeIDE_1.13.2/STM32CubeIDE/plugins/com.st.stm32cube.ide.mcu.externaltools.gnu-tools-for-stm32.11.3.rel1.win32_1.1.1.202309131626/tools/bin/../lib/gcc/arm-none-eabi/11.3.1/../../../../arm-none-eabi/lib/thumb/v7e-m+fp/hard\libc_nano.a(libc_a-lock.o)
                0x0000000008004d88                __retarget_lock_acquire_recursive
 .text.__retarget_lock_release_recursive
                0x0000000008004d8a        0x2 C:/ST/STM32CubeIDE_1.13.2/STM32CubeIDE/plugins/com.st.stm32cube.ide.mcu.externaltools.gnu-tools-for-stm32.11.3.rel1.win32_1.1.1.202309131626/tools/bin/../lib/gcc/arm-none-eabi/11.3.1/../../../../arm-none-eabi/lib/thumb/v7e-m+fp/hard\libc_nano.a(libc_a-lock.o)
                0x0000000008004d8a                __retarget_lock_release_recursive
 .text.memcpy   0x0000000008004d8c       0x1c C:/ST/STM32CubeIDE_1.13.2/STM32CubeIDE/plugins/com.st.stm32cube.ide.mcu.externaltools.gnu-tools-for-stm32.11.3.rel1.win32_1.1.1.202309131626/tools/bin/../lib/gcc/arm-none-eabi/11.3.1/../../../../arm-none-eabi/lib/thumb/v7e-m+fp/hard\libc_nano.a(libc_a-memcpy-stub.o)
                0x0000000008004d8c                memcpy
 .text._free_r  0x0000000008004da8       0x98 C:/ST/STM32CubeIDE_1.13.2/STM32CubeIDE/plugins/com.st.stm32cube.ide.mcu.externaltools.gnu-tools-for-stm32.11.3.rel1.win32_1.1.1.202309131626/tools/bin/../lib/gcc/arm-none-eabi/11.3.1/../../../../arm-none-eabi/lib/thumb/v7e-m+fp/hard\libc_nano.a(libc_a-freer.o)
                0x0000000008004da8                _free_r
 .text.sbrk_aligned
                0x0000000008004e40       0x40 C:/ST/STM32CubeIDE_1.13.2/STM32CubeIDE/plugins/com.st.stm32cube.ide.mcu.externaltools.gnu-tools-for-stm32.11.3.rel1.win32_1.1.1.202309131626/tools/bin/../lib/gcc/arm-none-eabi/11.3.1/../../../../arm-none-eabi/lib/thumb/v7e-m+fp/hard\libc_nano.a(libc_a-mallocr.o)
 .text._malloc_r
                0x0000000008004e80      0x100 C:/ST/STM32CubeIDE_1.13.2/STM32CubeIDE/plugins/com.st.stm32cube.ide.mcu.externaltools.gnu-tools-for-stm32.11.3.rel1.win32_1.1.1.202309131626/tools/bin/../lib/gcc/arm-none-eabi/11.3.1/../../../../arm-none-eabi/lib/thumb/v7e-m+fp/hard\libc_nano.a(libc_a-mallocr.o)
                0x0000000008004e80                _malloc_r
 .text.__malloc_lock
                0x0000000008004f80        0xc C:/ST/STM32CubeIDE_1.13.2/STM32CubeIDE/plugins/com.st.stm32cube.ide.mcu.externaltools.gnu-tools-for-stm32.11.3.rel1.win32_1.1.1.202309131626/tools/bin/../lib/gcc/arm-none-eabi/11.3.1/../../../../arm-none-eabi/lib/thumb/v7e-m+fp/hard\libc_nano.a(libc_a-mlock.o)
                0x0000000008004f80                __malloc_lock
 .text.__malloc_unlock
                0x0000000008004f8c        0xc C:/ST/STM32CubeIDE_1.13.2/STM32CubeIDE/plugins/com.st.stm32cube.ide.mcu.externaltools.gnu-tools-for-stm32.11.3.rel1.win32_1.1.1.202309131626/tools/bin/../lib/gcc/arm-none-eabi/11.3.1/../../../../arm-none-eabi/lib/thumb/v7e-m+fp/hard\libc_nano.a(libc_a-mlock.o)
                0x0000000008004f8c                __malloc_unlock
 .text.__ssputs_r
                0x0000000008004f98       0xb4 C:/ST/STM32CubeIDE_1.13.2/STM32CubeIDE/plugins/com.st.stm32cube.ide.mcu.externaltools.gnu-tools-for-stm32.11.3.rel1.win32_1.1.1.202309131626/tools/bin/../lib/gcc/arm-none-eabi/11.3.1/../../../../arm-none-eabi/lib/thumb/v7e-m+fp/hard\libc_nano.a(libc_a-nano-svfprintf.o)
                0x0000000008004f98                __ssputs_r
 .text._svfprintf_r
                0x000000000800504c      0x1fc C:/ST/STM32CubeIDE_1.13.2/STM32CubeIDE/plugins/com.st.stm32cube.ide.mcu.externaltools.gnu-tools-for-stm32.11.3.rel1.win32_1.1.1.202309131626/tools/bin/../lib/gcc/arm-none-eabi/11.3.1/../../../../arm-none-eabi/lib/thumb/v7e-m+fp/hard\libc_nano.a(libc_a-nano-svfprintf.o)
                0x000000000800504c                _svfiprintf_r
                0x000000000800504c                _svfprintf_r
 .text._printf_common
                0x0000000008005248       0xda C:/ST/STM32CubeIDE_1.13.2/STM32CubeIDE/plugins/com.st.stm32cube.ide.mcu.externaltools.gnu-tools-for-stm32.11.3.rel1.win32_1.1.1.202309131626/tools/bin/../lib/gcc/arm-none-eabi/11.3.1/../../../../arm-none-eabi/lib/thumb/v7e-m+fp/hard\libc_nano.a(libc_a-nano-vfprintf_i.o)
                0x0000000008005248                _printf_common
 *fill*         0x0000000008005322        0x2 
 .text._printf_i
                0x0000000008005324      0x244 C:/ST/STM32CubeIDE_1.13.2/STM32CubeIDE/plugins/com.st.stm32cube.ide.mcu.externaltools.gnu-tools-for-stm32.11.3.rel1.win32_1.1.1.202309131626/tools/bin/../lib/gcc/arm-none-eabi/11.3.1/../../../../arm-none-eabi/lib/thumb/v7e-m+fp/hard\libc_nano.a(libc_a-nano-vfprintf_i.o)
                0x0000000008005324                _printf_i
 .text.memmove  0x0000000008005568       0x34 C:/ST/STM32CubeIDE_1.13.2/STM32CubeIDE/plugins/com.st.stm32cube.ide.mcu.externaltools.gnu-tools-for-stm32.11.3.rel1.win32_1.1.1.202309131626/tools/bin/../lib/gcc/arm-none-eabi/11.3.1/../../../../arm-none-eabi/lib/thumb/v7e-m+fp/hard\libc_nano.a(libc_a-memmove.o)
                0x0000000008005568                memmove
 .text._sbrk_r  0x000000000800559c       0x20 C:/ST/STM32CubeIDE_1.13.2/STM32CubeIDE/plugins/com.st.stm32cube.ide.mcu.externaltools.gnu-tools-for-stm32.11.3.rel1.win32_1.1.1.202309131626/tools/bin/../lib/gcc/arm-none-eabi/11.3.1/../../../../arm-none-eabi/lib/thumb/v7e-m+fp/hard\libc_nano.a(libc_a-sbrkr.o)
                0x000000000800559c                _sbrk_r
 .text._realloc_r
                0x00000000080055bc       0x5e C:/ST/STM32CubeIDE_1.13.2/STM32CubeIDE/plugins/com.st.stm32cube.ide.mcu.externaltools.gnu-tools-for-stm32.11.3.rel1.win32_1.1.1.202309131626/tools/bin/../lib/gcc/arm-none-eabi/11.3.1/../../../../arm-none-eabi/lib/thumb/v7e-m+fp/hard\libc_nano.a(libc_a-reallocr.o)
                0x00000000080055bc                _realloc_r
 .text._malloc_usable_size_r
                0x000000000800561a       0x10 C:/ST/STM32CubeIDE_1.13.2/STM32CubeIDE/plugins/com.st.stm32cube.ide.mcu.externaltools.gnu-tools-for-stm32.11.3.rel1.win32_1.1.1.202309131626/tools/bin/../lib/gcc/arm-none-eabi/11.3.1/../../../../arm-none-eabi/lib/thumb/v7e-m+fp/hard\libc_nano.a(libc_a-msizer.o)
                0x000000000800561a                _malloc_usable_size_r
 *(.glue_7)
 .glue_7        0x000000000800562a        0x0 linker stubs
 *(.glue_7t)
 .glue_7t       0x000000000800562a        0x0 linker stubs
 *(.eh_frame)
 *fill*         0x000000000800562a        0x2 
 .eh_frame      0x000000000800562c        0x0 C:/ST/STM32CubeIDE_1.13.2/STM32CubeIDE/plugins/com.st.stm32cube.ide.mcu.externaltools.gnu-tools-for-stm32.11.3.rel1.win32_1.1.1.202309131626/tools/bin/../lib/gcc/arm-none-eabi/11.3.1/thumb/v7e-m+fp/hard/crtbegin.o
 *(.init)
 .init          0x000000000800562c        0x4 C:/ST/STM32CubeIDE_1.13.2/STM32CubeIDE/plugins/com.st.stm32cube.ide.mcu.externaltools.gnu-tools-for-stm32.11.3.rel1.win32_1.1.1.202309131626/tools/bin/../lib/gcc/arm-none-eabi/11.3.1/thumb/v7e-m+fp/hard/crti.o
                0x000000000800562c                _init
 .init          0x0000000008005630        0x8 C:/ST/STM32CubeIDE_1.13.2/STM32CubeIDE/plugins/com.st.stm32cube.ide.mcu.externaltools.gnu-tools-for-stm32.11.3.rel1.win32_1.1.1.202309131626/tools/bin/../lib/gcc/arm-none-eabi/11.3.1/thumb/v7e-m+fp/hard/crtn.o
 *(.fini)
 .fini          0x0000000008005638        0x4 C:/ST/STM32CubeIDE_1.13.2/STM32CubeIDE/plugins/com.st.stm32cube.ide.mcu.externaltools.gnu-tools-for-stm32.11.3.rel1.win32_1.1.1.202309131626/tools/bin/../lib/gcc/arm-none-eabi/11.3.1/thumb/v7e-m+fp/hard/crti.o
                0x0000000008005638                _fini
 .fini          0x000000000800563c        0x8 C:/ST/STM32CubeIDE_1.13.2/STM32CubeIDE/plugins/com.st.stm32cube.ide.mcu.externaltools.gnu-tools-for-stm32.11.3.rel1.win32_1.1.1.202309131626/tools/bin/../lib/gcc/arm-none-eabi/11.3.1/thumb/v7e-m+fp/hard/crtn.o
                0x0000000008005644                . = ALIGN (0x4)
                0x0000000008005644                _etext = .

.vfp11_veneer   0x0000000008005644        0x0
 .vfp11_veneer  0x0000000008005644        0x0 linker stubs

.v4_bx          0x0000000008005644        0x0
 .v4_bx         0x0000000008005644        0x0 linker stubs

.iplt           0x0000000008005644        0x0
 .iplt          0x0000000008005644        0x0 C:/ST/STM32CubeIDE_1.13.2/STM32CubeIDE/plugins/com.st.stm32cube.ide.mcu.externaltools.gnu-tools-for-stm32.11.3.rel1.win32_1.1.1.202309131626/tools/bin/../lib/gcc/arm-none-eabi/11.3.1/thumb/v7e-m+fp/hard/crtbegin.o

.rodata         0x0000000008005644       0xb0
                0x0000000008005644                . = ALIGN (0x4)
 *(.rodata)
 .rodata        0x0000000008005644        0x9 ./Core/App/app_led.o
 *fill*         0x000000000800564d        0x3 
 .rodata        0x0000000008005650        0x7 ./Core/App/app_logger.o
 *fill*         0x0000000008005657        0x1 
 .rodata        0x0000000008005658       0x2b ./Core/Services/logger_service.o
 *fill*         0x0000000008005683        0x1 
 .rodata        0x0000000008005684        0x5 ./Middlewares/Third_Party/FreeRTOS/Source/tasks.o
 *fill*         0x0000000008005689        0x3 
 .rodata        0x000000000800568c        0xd ./Middlewares/Third_Party/FreeRTOS/Source/timers.o
 *(.rodata*)
 *fill*         0x0000000008005699        0x3 
 .rodata.eventString
                0x000000000800569c        0xc ./Core/Services/logger_service.o
 .rodata.AHBPrescTable
                0x00000000080056a8       0x10 ./Core/Src/system_stm32f4xx.o
                0x00000000080056a8                AHBPrescTable
 .rodata.APBPrescTable
                0x00000000080056b8        0x8 ./Core/Src/system_stm32f4xx.o
                0x00000000080056b8                APBPrescTable
 .rodata._svfprintf_r.str1.1
                0x00000000080056c0       0x11 C:/ST/STM32CubeIDE_1.13.2/STM32CubeIDE/plugins/com.st.stm32cube.ide.mcu.externaltools.gnu-tools-for-stm32.11.3.rel1.win32_1.1.1.202309131626/tools/bin/../lib/gcc/arm-none-eabi/11.3.1/../../../../arm-none-eabi/lib/thumb/v7e-m+fp/hard\libc_nano.a(libc_a-nano-svfprintf.o)
 .rodata._printf_i.str1.1
                0x00000000080056d1       0x22 C:/ST/STM32CubeIDE_1.13.2/STM32CubeIDE/plugins/com.st.stm32cube.ide.mcu.externaltools.gnu-tools-for-stm32.11.3.rel1.win32_1.1.1.202309131626/tools/bin/../lib/gcc/arm-none-eabi/11.3.1/../../../../arm-none-eabi/lib/thumb/v7e-m+fp/hard\libc_nano.a(libc_a-nano-vfprintf_i.o)
                0x00000000080056f4                . = ALIGN (0x4)
 *fill*         0x00000000080056f3        0x1 

.ARM.extab      0x00000000080056f4        0x0
                0x00000000080056f4                . = ALIGN (0x4)
 *(.ARM.extab* .gnu.linkonce.armextab.*)
                0x00000000080056f4                . = ALIGN (0x4)

.ARM            0x00000000080056f4        0x8
                0x00000000080056f4                . = ALIGN (0x4)
                0x00000000080056f4                __exidx_start = .
 *(.ARM.exidx*)
 .ARM.exidx     0x00000000080056f4        0x8 C:/ST/STM32CubeIDE_1.13.2/STM32CubeIDE/plugins/com.st.stm32cube.ide.mcu.externaltools.gnu-tools-for-stm32.11.3.rel1.win32_1.1.1.202309131626/tools/bin/../lib/gcc/arm-none-eabi/11.3.1/thumb/v7e-m+fp/hard\libgcc.a(_udivmoddi4.o)
                0x00000000080056fc                __exidx_end = .
                0x00000000080056fc                . = ALIGN (0x4)

.rel.dyn        0x00000000080056fc        0x0
 .rel.iplt      0x00000000080056fc        0x0 C:/ST/STM32CubeIDE_1.13.2/STM32CubeIDE/plugins/com.st.stm32cube.ide.mcu.externaltools.gnu-tools-for-stm32.11.3.rel1.win32_1.1.1.202309131626/tools/bin/../lib/gcc/arm-none-eabi/11.3.1/thumb/v7e-m+fp/hard/crtbegin.o

.preinit_array  0x00000000080056fc        0x0
                0x00000000080056fc                . = ALIGN (0x4)
                0x00000000080056fc                PROVIDE (__preinit_array_start = .)
 *(.preinit_array*)
                0x00000000080056fc                PROVIDE (__preinit_array_end = .)
                0x00000000080056fc                . = ALIGN (0x4)

.init_array     0x00000000080056fc        0x4
                0x00000000080056fc                . = ALIGN (0x4)
                0x00000000080056fc                PROVIDE (__init_array_start = .)
 *(SORT_BY_NAME(.init_array.*))
 *(.init_array*)
 .init_array    0x00000000080056fc        0x4 C:/ST/STM32CubeIDE_1.13.2/STM32CubeIDE/plugins/com.st.stm32cube.ide.mcu.externaltools.gnu-tools-for-stm32.11.3.rel1.win32_1.1.1.202309131626/tools/bin/../lib/gcc/arm-none-eabi/11.3.1/thumb/v7e-m+fp/hard/crtbegin.o
                0x0000000008005700                PROVIDE (__init_array_end = .)
                0x0000000008005700                . = ALIGN (0x4)

.fini_array     0x0000000008005700        0x4
                0x0000000008005700                . = ALIGN (0x4)
                [!provide]                        PROVIDE (__fini_array_start = .)
 *(SORT_BY_NAME(.fini_array.*))
 *(.fini_array*)
 .fini_array    0x0000000008005700        0x4 C:/ST/STM32CubeIDE_1.13.2/STM32CubeIDE/plugins/com.st.stm32cube.ide.mcu.externaltools.gnu-tools-for-stm32.11.3.rel1.win32_1.1.1.202309131626/tools/bin/../lib/gcc/arm-none-eabi/11.3.1/thumb/v7e-m+fp/hard/crtbegin.o
                [!provide]                        PROVIDE (__fini_array_end = .)
                0x0000000008005704                . = ALIGN (0x4)
                0x0000000008005704                _sidata = LOADADDR (.data)

.data           0x0000000020000000       0x60 load address 0x0000000008005704
                0x0000000020000000                . = ALIGN (0x4)
                0x0000000020000000                _sdata = .
 *(.data)
 *(.data*)
 .data.SystemCoreClock
                0x0000000020000000        0x4 ./Core/Src/system_stm32f4xx.o
                0x0000000020000000                SystemCoreClock
 .data.uwTickPrio
                0x0000000020000004        0x4 ./Drivers/STM32F4xx_HAL_Driver/Src/stm32f4xx_hal.o
                0x0000000020000004                uwTickPrio
 .data.uwTickFreq
                0x0000000020000008        0x1 ./Drivers/STM32F4xx_HAL_Driver/Src/stm32f4xx_hal.o
                0x0000000020000008                uwTickFreq
 *fill*         0x0000000020000009        0x3 
 .data.uxCriticalNesting
                0x000000002000000c        0x4 ./Middlewares/Third_Party/FreeRTOS/Source/portable/GCC/ARM_CM4F/port.o
 .data._impure_data
                0x0000000020000010       0x4c C:/ST/STM32CubeIDE_1.13.2/STM32CubeIDE/plugins/com.st.stm32cube.ide.mcu.externaltools.gnu-tools-for-stm32.11.3.rel1.win32_1.1.1.202309131626/tools/bin/../lib/gcc/arm-none-eabi/11.3.1/../../../../arm-none-eabi/lib/thumb/v7e-m+fp/hard\libc_nano.a(libc_a-impure.o)
                0x0000000020000010                _impure_data
 .data._impure_ptr
                0x000000002000005c        0x4 C:/ST/STM32CubeIDE_1.13.2/STM32CubeIDE/plugins/com.st.stm32cube.ide.mcu.externaltools.gnu-tools-for-stm32.11.3.rel1.win32_1.1.1.202309131626/tools/bin/../lib/gcc/arm-none-eabi/11.3.1/../../../../arm-none-eabi/lib/thumb/v7e-m+fp/hard\libc_nano.a(libc_a-impure.o)
                0x000000002000005c                _impure_ptr
 *(.RamFunc)
 *(.RamFunc*)
                0x0000000020000060                . = ALIGN (0x4)
                0x0000000020000060                _edata = .

.igot.plt       0x0000000020000060        0x0 load address 0x0000000008005764
 .igot.plt      0x0000000020000060        0x0 C:/ST/STM32CubeIDE_1.13.2/STM32CubeIDE/plugins/com.st.stm32cube.ide.mcu.externaltools.gnu-tools-for-stm32.11.3.rel1.win32_1.1.1.202309131626/tools/bin/../lib/gcc/arm-none-eabi/11.3.1/thumb/v7e-m+fp/hard/crtbegin.o
                0x0000000020000060                . = ALIGN (0x4)

.bss            0x0000000020000060     0x4b70 load address 0x0000000008005764
                0x0000000020000060                _sbss = .
                0x0000000020000060                __bss_start__ = _sbss
 *(.bss)
 .bss           0x0000000020000060       0x1c C:/ST/STM32CubeIDE_1.13.2/STM32CubeIDE/plugins/com.st.stm32cube.ide.mcu.externaltools.gnu-tools-for-stm32.11.3.rel1.win32_1.1.1.202309131626/tools/bin/../lib/gcc/arm-none-eabi/11.3.1/thumb/v7e-m+fp/hard/crtbegin.o
 *(.bss*)
 .bss.g_ledTaskHandle
                0x000000002000007c        0x4 ./Core/App/app_led.o
 .bss.g_loggerTaskHandle
                0x0000000020000080        0x4 ./Core/App/app_logger.o
 .bss.logBuffer
                0x0000000020000084       0x64 ./Core/Services/logger_service.o
 .bss.g_logQueue
                0x00000000200000e8        0x4 ./Core/Services/queue_service.o
 .bss.__sbrk_heap_end
                0x00000000200000ec        0x4 ./Core/Src/sysmem.o
 .bss.huart2    0x00000000200000f0       0x44 ./Core/Src/usart.o
                0x00000000200000f0                huart2
 .bss.uwTick    0x0000000020000134        0x4 ./Drivers/STM32F4xx_HAL_Driver/Src/stm32f4xx_hal.o
                0x0000000020000134                uwTick
 .bss.KernelState
                0x0000000020000138        0x4 ./Middlewares/Third_Party/FreeRTOS/Source/CMSIS_RTOS_V2/cmsis_os2.o
 .bss.Idle_TCB.3
                0x000000002000013c       0x5c ./Middlewares/Third_Party/FreeRTOS/Source/CMSIS_RTOS_V2/cmsis_os2.o
 .bss.Idle_Stack.2
                0x0000000020000198      0x200 ./Middlewares/Third_Party/FreeRTOS/Source/CMSIS_RTOS_V2/cmsis_os2.o
 .bss.Timer_TCB.1
                0x0000000020000398       0x5c ./Middlewares/Third_Party/FreeRTOS/Source/CMSIS_RTOS_V2/cmsis_os2.o
 .bss.Timer_Stack.0
                0x00000000200003f4      0x400 ./Middlewares/Third_Party/FreeRTOS/Source/CMSIS_RTOS_V2/cmsis_os2.o
 .bss.xQueueRegistry
                0x00000000200007f4       0x40 ./Middlewares/Third_Party/FreeRTOS/Source/queue.o
                0x00000000200007f4                xQueueRegistry
 .bss.pxCurrentTCB
                0x0000000020000834        0x4 ./Middlewares/Third_Party/FreeRTOS/Source/tasks.o
                0x0000000020000834                pxCurrentTCB
 .bss.pxReadyTasksLists
                0x0000000020000838      0x460 ./Middlewares/Third_Party/FreeRTOS/Source/tasks.o
 .bss.xDelayedTaskList1
                0x0000000020000c98       0x14 ./Middlewares/Third_Party/FreeRTOS/Source/tasks.o
 .bss.xDelayedTaskList2
                0x0000000020000cac       0x14 ./Middlewares/Third_Party/FreeRTOS/Source/tasks.o
 .bss.pxDelayedTaskList
                0x0000000020000cc0        0x4 ./Middlewares/Third_Party/FreeRTOS/Source/tasks.o
 .bss.pxOverflowDelayedTaskList
                0x0000000020000cc4        0x4 ./Middlewares/Third_Party/FreeRTOS/Source/tasks.o
 .bss.xPendingReadyList
                0x0000000020000cc8       0x14 ./Middlewares/Third_Party/FreeRTOS/Source/tasks.o
 .bss.xTasksWaitingTermination
                0x0000000020000cdc       0x14 ./Middlewares/Third_Party/FreeRTOS/Source/tasks.o
 .bss.uxDeletedTasksWaitingCleanUp
                0x0000000020000cf0        0x4 ./Middlewares/Third_Party/FreeRTOS/Source/tasks.o
 .bss.xSuspendedTaskList
                0x0000000020000cf4       0x14 ./Middlewares/Third_Party/FreeRTOS/Source/tasks.o
 .bss.uxCurrentNumberOfTasks
                0x0000000020000d08        0x4 ./Middlewares/Third_Party/FreeRTOS/Source/tasks.o
 .bss.xTickCount
                0x0000000020000d0c        0x4 ./Middlewares/Third_Party/FreeRTOS/Source/tasks.o
 .bss.uxTopReadyPriority
                0x0000000020000d10        0x4 ./Middlewares/Third_Party/FreeRTOS/Source/tasks.o
 .bss.xSchedulerRunning
                0x0000000020000d14        0x4 ./Middlewares/Third_Party/FreeRTOS/Source/tasks.o
 .bss.xPendedTicks
                0x0000000020000d18        0x4 ./Middlewares/Third_Party/FreeRTOS/Source/tasks.o
 .bss.xYieldPending
                0x0000000020000d1c        0x4 ./Middlewares/Third_Party/FreeRTOS/Source/tasks.o
 .bss.xNumOfOverflows
                0x0000000020000d20        0x4 ./Middlewares/Third_Party/FreeRTOS/Source/tasks.o
 .bss.uxTaskNumber
                0x0000000020000d24        0x4 ./Middlewares/Third_Party/FreeRTOS/Source/tasks.o
 .bss.xNextTaskUnblockTime
                0x0000000020000d28        0x4 ./Middlewares/Third_Party/FreeRTOS/Source/tasks.o
 .bss.xIdleTaskHandle
                0x0000000020000d2c        0x4 ./Middlewares/Third_Party/FreeRTOS/Source/tasks.o
 .bss.uxSchedulerSuspended
                0x0000000020000d30        0x4 ./Middlewares/Third_Party/FreeRTOS/Source/tasks.o
 .bss.xActiveTimerList1
                0x0000000020000d34       0x14 ./Middlewares/Third_Party/FreeRTOS/Source/timers.o
 .bss.xActiveTimerList2
                0x0000000020000d48       0x14 ./Middlewares/Third_Party/FreeRTOS/Source/timers.o
 .bss.pxCurrentTimerList
                0x0000000020000d5c        0x4 ./Middlewares/Third_Party/FreeRTOS/Source/timers.o
 .bss.pxOverflowTimerList
                0x0000000020000d60        0x4 ./Middlewares/Third_Party/FreeRTOS/Source/timers.o
 .bss.xTimerQueue
                0x0000000020000d64        0x4 ./Middlewares/Third_Party/FreeRTOS/Source/timers.o
 .bss.xTimerTaskHandle
                0x0000000020000d68        0x4 ./Middlewares/Third_Party/FreeRTOS/Source/timers.o
 .bss.xLastTime.2
                0x0000000020000d6c        0x4 ./Middlewares/Third_Party/FreeRTOS/Source/timers.o
 .bss.ucStaticTimerQueueStorage.1
                0x0000000020000d70       0xa0 ./Middlewares/Third_Party/FreeRTOS/Source/timers.o
 .bss.xStaticTimerQueue.0
                0x0000000020000e10       0x50 ./Middlewares/Third_Party/FreeRTOS/Source/timers.o
 .bss.ucMaxSysCallPriority
                0x0000000020000e60        0x1 ./Middlewares/Third_Party/FreeRTOS/Source/portable/GCC/ARM_CM4F/port.o
 *fill*         0x0000000020000e61        0x3 
 .bss.ulMaxPRIGROUPValue
                0x0000000020000e64        0x4 ./Middlewares/Third_Party/FreeRTOS/Source/portable/GCC/ARM_CM4F/port.o
 .bss.ucHeap    0x0000000020000e68     0x3c00 ./Middlewares/Third_Party/FreeRTOS/Source/portable/MemMang/heap_4.o
 .bss.xStart    0x0000000020004a68        0x8 ./Middlewares/Third_Party/FreeRTOS/Source/portable/MemMang/heap_4.o
 .bss.pxEnd     0x0000000020004a70        0x4 ./Middlewares/Third_Party/FreeRTOS/Source/portable/MemMang/heap_4.o
 .bss.xFreeBytesRemaining
                0x0000000020004a74        0x4 ./Middlewares/Third_Party/FreeRTOS/Source/portable/MemMang/heap_4.o
 .bss.xMinimumEverFreeBytesRemaining
                0x0000000020004a78        0x4 ./Middlewares/Third_Party/FreeRTOS/Source/portable/MemMang/heap_4.o
 .bss.xNumberOfSuccessfulAllocations
                0x0000000020004a7c        0x4 ./Middlewares/Third_Party/FreeRTOS/Source/portable/MemMang/heap_4.o
 .bss.xNumberOfSuccessfulFrees
                0x0000000020004a80        0x4 ./Middlewares/Third_Party/FreeRTOS/Source/portable/MemMang/heap_4.o
 .bss.xBlockAllocatedBit
                0x0000000020004a84        0x4 ./Middlewares/Third_Party/FreeRTOS/Source/portable/MemMang/heap_4.o
 .bss.__sf      0x0000000020004a88      0x138 C:/ST/STM32CubeIDE_1.13.2/STM32CubeIDE/plugins/com.st.stm32cube.ide.mcu.externaltools.gnu-tools-for-stm32.11.3.rel1.win32_1.1.1.202309131626/tools/bin/../lib/gcc/arm-none-eabi/11.3.1/../../../../arm-none-eabi/lib/thumb/v7e-m+fp/hard\libc_nano.a(libc_a-findfp.o)
                0x0000000020004a88                __sf
 .bss.errno     0x0000000020004bc0        0x4 C:/ST/STM32CubeIDE_1.13.2/STM32CubeIDE/plugins/com.st.stm32cube.ide.mcu.externaltools.gnu-tools-for-stm32.11.3.rel1.win32_1.1.1.202309131626/tools/bin/../lib/gcc/arm-none-eabi/11.3.1/../../../../arm-none-eabi/lib/thumb/v7e-m+fp/hard\libc_nano.a(libc_a-reent.o)
                0x0000000020004bc0                errno
 .bss.__lock___malloc_recursive_mutex
                0x0000000020004bc4        0x1 C:/ST/STM32CubeIDE_1.13.2/STM32CubeIDE/plugins/com.st.stm32cube.ide.mcu.externaltools.gnu-tools-for-stm32.11.3.rel1.win32_1.1.1.202309131626/tools/bin/../lib/gcc/arm-none-eabi/11.3.1/../../../../arm-none-eabi/lib/thumb/v7e-m+fp/hard\libc_nano.a(libc_a-lock.o)
                0x0000000020004bc4                __lock___malloc_recursive_mutex
 *fill*         0x0000000020004bc5        0x3 
 .bss.__malloc_free_list
                0x0000000020004bc8        0x4 C:/ST/STM32CubeIDE_1.13.2/STM32CubeIDE/plugins/com.st.stm32cube.ide.mcu.externaltools.gnu-tools-for-stm32.11.3.rel1.win32_1.1.1.202309131626/tools/bin/../lib/gcc/arm-none-eabi/11.3.1/../../../../arm-none-eabi/lib/thumb/v7e-m+fp/hard\libc_nano.a(libc_a-mallocr.o)
                0x0000000020004bc8                __malloc_free_list
 .bss.__malloc_sbrk_start
                0x0000000020004bcc        0x4 C:/ST/STM32CubeIDE_1.13.2/STM32CubeIDE/plugins/com.st.stm32cube.ide.mcu.externaltools.gnu-tools-for-stm32.11.3.rel1.win32_1.1.1.202309131626/tools/bin/../lib/gcc/arm-none-eabi/11.3.1/../../../../arm-none-eabi/lib/thumb/v7e-m+fp/hard\libc_nano.a(libc_a-mallocr.o)
                0x0000000020004bcc                __malloc_sbrk_start
 *(COMMON)
                0x0000000020004bd0                . = ALIGN (0x4)
                0x0000000020004bd0                _ebss = .
                0x0000000020004bd0                __bss_end__ = _ebss

._user_heap_stack
                0x0000000020004bd0      0x600 load address 0x0000000008005764
                0x0000000020004bd0                . = ALIGN (0x8)
                [!provide]                        PROVIDE (end = .)
                0x0000000020004bd0                PROVIDE (_end = .)
                0x0000000020004dd0                . = (. + _Min_Heap_Size)
 *fill*         0x0000000020004bd0      0x200 
                0x00000000200051d0                . = (. + _Min_Stack_Size)
 *fill*         0x0000000020004dd0      0x400 
                0x00000000200051d0                . = ALIGN (0x8)

/DISCARD/
 libc.a(*)
 libm.a(*)
 libgcc.a(*)

.ARM.attributes
                0x0000000000000000       0x30
 *(.ARM.attributes)
 .ARM.attributes
                0x0000000000000000       0x1e C:/ST/STM32CubeIDE_1.13.2/STM32CubeIDE/plugins/com.st.stm32cube.ide.mcu.externaltools.gnu-tools-for-stm32.11.3.rel1.win32_1.1.1.202309131626/tools/bin/../lib/gcc/arm-none-eabi/11.3.1/thumb/v7e-m+fp/hard/crti.o
 .ARM.attributes
                0x000000000000001e       0x34 C:/ST/STM32CubeIDE_1.13.2/STM32CubeIDE/plugins/com.st.stm32cube.ide.mcu.externaltools.gnu-tools-for-stm32.11.3.rel1.win32_1.1.1.202309131626/tools/bin/../lib/gcc/arm-none-eabi/11.3.1/thumb/v7e-m+fp/hard/crtbegin.o
 .ARM.attributes
                0x0000000000000052       0x34 ./Core/App/app.o
 .ARM.attributes
                0x0000000000000086       0x34 ./Core/App/app_led.o
 .ARM.attributes
                0x00000000000000ba       0x34 ./Core/App/app_logger.o
 .ARM.attributes
                0x00000000000000ee       0x34 ./Core/Drivers/drv_uart.o
 .ARM.attributes
                0x0000000000000122       0x34 ./Core/Services/logger_service.o
 .ARM.attributes
                0x0000000000000156       0x34 ./Core/Services/queue_service.o
 .ARM.attributes
                0x000000000000018a       0x34 ./Core/Src/freertos.o
 .ARM.attributes
                0x00000000000001be       0x34 ./Core/Src/gpio.o
 .ARM.attributes
                0x00000000000001f2       0x34 ./Core/Src/main.o
 .ARM.attributes
                0x0000000000000226       0x34 ./Core/Src/stm32f4xx_hal_msp.o
 .ARM.attributes
                0x000000000000025a       0x34 ./Core/Src/stm32f4xx_it.o
 .ARM.attributes
                0x000000000000028e       0x34 ./Core/Src/sysmem.o
 .ARM.attributes
                0x00000000000002c2       0x34 ./Core/Src/system_stm32f4xx.o
 .ARM.attributes
                0x00000000000002f6       0x34 ./Core/Src/usart.o
 .ARM.attributes
                0x000000000000032a       0x21 ./Core/Startup/startup_stm32f401retx.o
 .ARM.attributes
                0x000000000000034b       0x34 ./Drivers/STM32F4xx_HAL_Driver/Src/stm32f4xx_hal.o
 .ARM.attributes
                0x000000000000037f       0x34 ./Drivers/STM32F4xx_HAL_Driver/Src/stm32f4xx_hal_cortex.o
 .ARM.attributes
                0x00000000000003b3       0x34 ./Drivers/STM32F4xx_HAL_Driver/Src/stm32f4xx_hal_gpio.o
 .ARM.attributes
                0x00000000000003e7       0x34 ./Drivers/STM32F4xx_HAL_Driver/Src/stm32f4xx_hal_rcc.o
 .ARM.attributes
                0x000000000000041b       0x34 ./Drivers/STM32F4xx_HAL_Driver/Src/stm32f4xx_hal_uart.o
 .ARM.attributes
                0x000000000000044f       0x34 ./Middlewares/Third_Party/FreeRTOS/Source/CMSIS_RTOS_V2/cmsis_os2.o
 .ARM.attributes
                0x0000000000000483       0x34 ./Middlewares/Third_Party/FreeRTOS/Source/list.o
 .ARM.attributes
                0x00000000000004b7       0x34 ./Middlewares/Third_Party/FreeRTOS/Source/queue.o
 .ARM.attributes
                0x00000000000004eb       0x34 ./Middlewares/Third_Party/FreeRTOS/Source/tasks.o
 .ARM.attributes
                0x000000000000051f       0x34 ./Middlewares/Third_Party/FreeRTOS/Source/timers.o
 .ARM.attributes
                0x0000000000000553       0x34 ./Middlewares/Third_Party/FreeRTOS/Source/portable/GCC/ARM_CM4F/port.o
 .ARM.attributes
                0x0000000000000587       0x34 ./Middlewares/Third_Party/FreeRTOS/Source/portable/MemMang/heap_4.o
 .ARM.attributes
                0x00000000000005bb       0x34 C:/ST/STM32CubeIDE_1.13.2/STM32CubeIDE/plugins/com.st.stm32cube.ide.mcu.externaltools.gnu-tools-for-stm32.11.3.rel1.win32_1.1.1.202309131626/tools/bin/../lib/gcc/arm-none-eabi/11.3.1/../../../../arm-none-eabi/lib/thumb/v7e-m+fp/hard\libc_nano.a(libc_a-findfp.o)
 .ARM.attributes
                0x00000000000005ef       0x34 C:/ST/STM32CubeIDE_1.13.2/STM32CubeIDE/plugins/com.st.stm32cube.ide.mcu.externaltools.gnu-tools-for-stm32.11.3.rel1.win32_1.1.1.202309131626/tools/bin/../lib/gcc/arm-none-eabi/11.3.1/../../../../arm-none-eabi/lib/thumb/v7e-m+fp/hard\libc_nano.a(libc_a-snprintf.o)
 .ARM.attributes
                0x0000000000000623       0x34 C:/ST/STM32CubeIDE_1.13.2/STM32CubeIDE/plugins/com.st.stm32cube.ide.mcu.externaltools.gnu-tools-for-stm32.11.3.rel1.win32_1.1.1.202309131626/tools/bin/../lib/gcc/arm-none-eabi/11.3.1/../../../../arm-none-eabi/lib/thumb/v7e-m+fp/hard\libc_nano.a(libc_a-memset.o)
 .ARM.attributes
                0x0000000000000657       0x34 C:/ST/STM32CubeIDE_1.13.2/STM32CubeIDE/plugins/com.st.stm32cube.ide.mcu.externaltools.gnu-tools-for-stm32.11.3.rel1.win32_1.1.1.202309131626/tools/bin/../lib/gcc/arm-none-eabi/11.3.1/../../../../arm-none-eabi/lib/thumb/v7e-m+fp/hard\libc_nano.a(libc_a-reent.o)
 .ARM.attributes
                0x000000000000068b       0x34 C:/ST/STM32CubeIDE_1.13.2/STM32CubeIDE/plugins/com.st.stm32cube.ide.mcu.externaltools.gnu-tools-for-stm32.11.3.rel1.win32_1.1.1.202309131626/tools/bin/../lib/gcc/arm-none-eabi/11.3.1/../../../../arm-none-eabi/lib/thumb/v7e-m+fp/hard\libc_nano.a(libc_a-impure.o)
 .ARM.attributes
                0x00000000000006bf       0x34 C:/ST/STM32CubeIDE_1.13.2/STM32CubeIDE/plugins/com.st.stm32cube.ide.mcu.externaltools.gnu-tools-for-stm32.11.3.rel1.win32_1.1.1.202309131626/tools/bin/../lib/gcc/arm-none-eabi/11.3.1/../../../../arm-none-eabi/lib/thumb/v7e-m+fp/hard\libc_nano.a(libc_a-errno.o)
 .ARM.attributes
                0x00000000000006f3       0x34 C:/ST/STM32CubeIDE_1.13.2/STM32CubeIDE/plugins/com.st.stm32cube.ide.mcu.externaltools.gnu-tools-for-stm32.11.3.rel1.win32_1.1.1.202309131626/tools/bin/../lib/gcc/arm-none-eabi/11.3.1/../../../../arm-none-eabi/lib/thumb/v7e-m+fp/hard\libc_nano.a(libc_a-init.o)
 .ARM.attributes
                0x0000000000000727       0x34 C:/ST/STM32CubeIDE_1.13.2/STM32CubeIDE/plugins/com.st.stm32cube.ide.mcu.externaltools.gnu-tools-for-stm32.11.3.rel1.win32_1.1.1.202309131626/tools/bin/../lib/gcc/arm-none-eabi/11.3.1/../../../../arm-none-eabi/lib/thumb/v7e-m+fp/hard\libc_nano.a(libc_a-lock.o)
 .ARM.attributes
                0x000000000000075b       0x34 C:/ST/STM32CubeIDE_1.13.2/STM32CubeIDE/plugins/com.st.stm32cube.ide.mcu.externaltools.gnu-tools-for-stm32.11.3.rel1.win32_1.1.1.202309131626/tools/bin/../lib/gcc/arm-none-eabi/11.3.1/../../../../arm-none-eabi/lib/thumb/v7e-m+fp/hard\libc_nano.a(libc_a-memcpy-stub.o)
 .ARM.attributes
                0x000000000000078f       0x17 C:/ST/STM32CubeIDE_1.13.2/STM32CubeIDE/plugins/com.st.stm32cube.ide.mcu.externaltools.gnu-tools-for-stm32.11.3.rel1.win32_1.1.1.202309131626/tools/bin/../lib/gcc/arm-none-eabi/11.3.1/../../../../arm-none-eabi/lib/thumb/v7e-m+fp/hard\libc_nano.a(libc_a-strlen.o)
 .ARM.attributes
                0x00000000000007a6       0x34 C:/ST/STM32CubeIDE_1.13.2/STM32CubeIDE/plugins/com.st.stm32cube.ide.mcu.externaltools.gnu-tools-for-stm32.11.3.rel1.win32_1.1.1.202309131626/tools/bin/../lib/gcc/arm-none-eabi/11.3.1/../../../../arm-none-eabi/lib/thumb/v7e-m+fp/hard\libc_nano.a(libc_a-freer.o)
 .ARM.attributes
                0x00000000000007da       0x34 C:/ST/STM32CubeIDE_1.13.2/STM32CubeIDE/plugins/com.st.stm32cube.ide.mcu.externaltools.gnu-tools-for-stm32.11.3.rel1.win32_1.1.1.202309131626/tools/bin/../lib/gcc/arm-none-eabi/11.3.1/../../../../arm-none-eabi/lib/thumb/v7e-m+fp/hard\libc_nano.a(libc_a-mallocr.o)
 .ARM.attributes
                0x000000000000080e       0x34 C:/ST/STM32CubeIDE_1.13.2/STM32CubeIDE/plugins/com.st.stm32cube.ide.mcu.externaltools.gnu-tools-for-stm32.11.3.rel1.win32_1.1.1.202309131626/tools/bin/../lib/gcc/arm-none-eabi/11.3.1/../../../../arm-none-eabi/lib/thumb/v7e-m+fp/hard\libc_nano.a(libc_a-mlock.o)
 .ARM.attributes
                0x0000000000000842       0x34 C:/ST/STM32CubeIDE_1.13.2/STM32CubeIDE/plugins/com.st.stm32cube.ide.mcu.externaltools.gnu-tools-for-stm32.11.3.rel1.win32_1.1.1.202309131626/tools/bin/../lib/gcc/arm-none-eabi/11.3.1/../../../../arm-none-eabi/lib/thumb/v7e-m+fp/hard\libc_nano.a(libc_a-nano-svfprintf.o)
 .ARM.attributes
                0x0000000000000876       0x34 C:/ST/STM32CubeIDE_1.13.2/STM32CubeIDE/plugins/com.st.stm32cube.ide.mcu.externaltools.gnu-tools-for-stm32.11.3.rel1.win32_1.1.1.202309131626/tools/bin/../lib/gcc/arm-none-eabi/11.3.1/../../../../arm-none-eabi/lib/thumb/v7e-m+fp/hard\libc_nano.a(libc_a-nano-vfprintf_i.o)
 .ARM.attributes
                0x00000000000008aa       0x34 C:/ST/STM32CubeIDE_1.13.2/STM32CubeIDE/plugins/com.st.stm32cube.ide.mcu.externaltools.gnu-tools-for-stm32.11.3.rel1.win32_1.1.1.202309131626/tools/bin/../lib/gcc/arm-none-eabi/11.3.1/../../../../arm-none-eabi/lib/thumb/v7e-m+fp/hard\libc_nano.a(libc_a-memmove.o)
 .ARM.attributes
                0x00000000000008de       0x34 C:/ST/STM32CubeIDE_1.13.2/STM32CubeIDE/plugins/com.st.stm32cube.ide.mcu.externaltools.gnu-tools-for-stm32.11.3.rel1.win32_1.1.1.202309131626/tools/bin/../lib/gcc/arm-none-eabi/11.3.1/../../../../arm-none-eabi/lib/thumb/v7e-m+fp/hard\libc_nano.a(libc_a-sbrkr.o)
 .ARM.attributes
                0x0000000000000912       0x1c C:/ST/STM32CubeIDE_1.13.2/STM32CubeIDE/plugins/com.st.stm32cube.ide.mcu.externaltools.gnu-tools-for-stm32.11.3.rel1.win32_1.1.1.202309131626/tools/bin/../lib/gcc/arm-none-eabi/11.3.1/../../../../arm-none-eabi/lib/thumb/v7e-m+fp/hard\libc_nano.a(libc_a-memchr.o)
 .ARM.attributes
                0x000000000000092e       0x34 C:/ST/STM32CubeIDE_1.13.2/STM32CubeIDE/plugins/com.st.stm32cube.ide.mcu.externaltools.gnu-tools-for-stm32.11.3.rel1.win32_1.1.1.202309131626/tools/bin/../lib/gcc/arm-none-eabi/11.3.1/../../../../arm-none-eabi/lib/thumb/v7e-m+fp/hard\libc_nano.a(libc_a-reallocr.o)
 .ARM.attributes
                0x0000000000000962       0x34 C:/ST/STM32CubeIDE_1.13.2/STM32CubeIDE/plugins/com.st.stm32cube.ide.mcu.externaltools.gnu-tools-for-stm32.11.3.rel1.win32_1.1.1.202309131626/tools/bin/../lib/gcc/arm-none-eabi/11.3.1/../../../../arm-none-eabi/lib/thumb/v7e-m+fp/hard\libc_nano.a(libc_a-msizer.o)
 .ARM.attributes
                0x0000000000000996       0x1e C:/ST/STM32CubeIDE_1.13.2/STM32CubeIDE/plugins/com.st.stm32cube.ide.mcu.externaltools.gnu-tools-for-stm32.11.3.rel1.win32_1.1.1.202309131626/tools/bin/../lib/gcc/arm-none-eabi/11.3.1/thumb/v7e-m+fp/hard\libgcc.a(_aeabi_uldivmod.o)
 .ARM.attributes
                0x00000000000009b4       0x34 C:/ST/STM32CubeIDE_1.13.2/STM32CubeIDE/plugins/com.st.stm32cube.ide.mcu.externaltools.gnu-tools-for-stm32.11.3.rel1.win32_1.1.1.202309131626/tools/bin/../lib/gcc/arm-none-eabi/11.3.1/thumb/v7e-m+fp/hard\libgcc.a(_udivmoddi4.o)
 .ARM.attributes
                0x00000000000009e8       0x1e C:/ST/STM32CubeIDE_1.13.2/STM32CubeIDE/plugins/com.st.stm32cube.ide.mcu.externaltools.gnu-tools-for-stm32.11.3.rel1.win32_1.1.1.202309131626/tools/bin/../lib/gcc/arm-none-eabi/11.3.1/thumb/v7e-m+fp/hard\libgcc.a(_dvmd_tls.o)
 .ARM.attributes
                0x0000000000000a06       0x1e C:/ST/STM32CubeIDE_1.13.2/STM32CubeIDE/plugins/com.st.stm32cube.ide.mcu.externaltools.gnu-tools-for-stm32.11.3.rel1.win32_1.1.1.202309131626/tools/bin/../lib/gcc/arm-none-eabi/11.3.1/thumb/v7e-m+fp/hard/crtn.o
OUTPUT(Smart_Vehicle_ECU_RTOS.elf elf32-littlearm)
LOAD linker stubs
LOAD C:/ST/STM32CubeIDE_1.13.2/STM32CubeIDE/plugins/com.st.stm32cube.ide.mcu.externaltools.gnu-tools-for-stm32.11.3.rel1.win32_1.1.1.202309131626/tools/bin/../lib/gcc/arm-none-eabi/11.3.1/../../../../arm-none-eabi/lib/thumb/v7e-m+fp/hard\libc.a
LOAD C:/ST/STM32CubeIDE_1.13.2/STM32CubeIDE/plugins/com.st.stm32cube.ide.mcu.externaltools.gnu-tools-for-stm32.11.3.rel1.win32_1.1.1.202309131626/tools/bin/../lib/gcc/arm-none-eabi/11.3.1/../../../../arm-none-eabi/lib/thumb/v7e-m+fp/hard\libm.a
LOAD C:/ST/STM32CubeIDE_1.13.2/STM32CubeIDE/plugins/com.st.stm32cube.ide.mcu.externaltools.gnu-tools-for-stm32.11.3.rel1.win32_1.1.1.202309131626/tools/bin/../lib/gcc/arm-none-eabi/11.3.1/thumb/v7e-m+fp/hard\libgcc.a

.comment        0x0000000000000000       0x43
 .comment       0x0000000000000000       0x43 C:/ST/STM32CubeIDE_1.13.2/STM32CubeIDE/plugins/com.st.stm32cube.ide.mcu.externaltools.gnu-tools-for-stm32.11.3.rel1.win32_1.1.1.202309131626/tools/bin/../lib/gcc/arm-none-eabi/11.3.1/thumb/v7e-m+fp/hard/crtbegin.o
                                         0x44 (size before relaxing)
 .comment       0x0000000000000043       0x44 ./Core/App/app.o
 .comment       0x0000000000000043       0x44 ./Core/App/app_led.o
 .comment       0x0000000000000043       0x44 ./Core/App/app_logger.o
 .comment       0x0000000000000043       0x44 ./Core/Drivers/drv_uart.o
 .comment       0x0000000000000043       0x44 ./Core/Services/logger_service.o
 .comment       0x0000000000000043       0x44 ./Core/Services/queue_service.o
 .comment       0x0000000000000043       0x44 ./Core/Src/freertos.o
 .comment       0x0000000000000043       0x44 ./Core/Src/gpio.o
 .comment       0x0000000000000043       0x44 ./Core/Src/main.o
 .comment       0x0000000000000043       0x44 ./Core/Src/stm32f4xx_hal_msp.o
 .comment       0x0000000000000043       0x44 ./Core/Src/stm32f4xx_it.o
 .comment       0x0000000000000043       0x44 ./Core/Src/sysmem.o
 .comment       0x0000000000000043       0x44 ./Core/Src/system_stm32f4xx.o
 .comment       0x0000000000000043       0x44 ./Core/Src/usart.o
 .comment       0x0000000000000043       0x44 ./Drivers/STM32F4xx_HAL_Driver/Src/stm32f4xx_hal.o
 .comment       0x0000000000000043       0x44 ./Drivers/STM32F4xx_HAL_Driver/Src/stm32f4xx_hal_cortex.o
 .comment       0x0000000000000043       0x44 ./Drivers/STM32F4xx_HAL_Driver/Src/stm32f4xx_hal_gpio.o
 .comment       0x0000000000000043       0x44 ./Drivers/STM32F4xx_HAL_Driver/Src/stm32f4xx_hal_rcc.o
 .comment       0x0000000000000043       0x44 ./Drivers/STM32F4xx_HAL_Driver/Src/stm32f4xx_hal_uart.o
 .comment       0x0000000000000043       0x44 ./Middlewares/Third_Party/FreeRTOS/Source/CMSIS_RTOS_V2/cmsis_os2.o
 .comment       0x0000000000000043       0x44 ./Middlewares/Third_Party/FreeRTOS/Source/list.o
 .comment       0x0000000000000043       0x44 ./Middlewares/Third_Party/FreeRTOS/Source/queue.o
 .comment       0x0000000000000043       0x44 ./Middlewares/Third_Party/FreeRTOS/Source/tasks.o
 .comment       0x0000000000000043       0x44 ./Middlewares/Third_Party/FreeRTOS/Source/timers.o
 .comment       0x0000000000000043       0x44 ./Middlewares/Third_Party/FreeRTOS/Source/portable/GCC/ARM_CM4F/port.o
 .comment       0x0000000000000043       0x44 ./Middlewares/Third_Party/FreeRTOS/Source/portable/MemMang/heap_4.o

.debug_info     0x0000000000000000    0x1207f
 .debug_info    0x0000000000000000       0xbf ./Core/App/app.o
 .debug_info    0x00000000000000bf      0x374 ./Core/App/app_led.o
 .debug_info    0x0000000000000433      0x265 ./Core/App/app_logger.o
 .debug_info    0x0000000000000698      0x628 ./Core/Drivers/drv_uart.o
 .debug_info    0x0000000000000cc0      0x1e1 ./Core/Services/logger_service.o
 .debug_info    0x0000000000000ea1      0x2c0 ./Core/Services/queue_service.o
 .debug_info    0x0000000000001161      0x35a ./Core/Src/freertos.o
 .debug_info    0x00000000000014bb      0x3fb ./Core/Src/gpio.o
 .debug_info    0x00000000000018b6      0x54b ./Core/Src/main.o
 .debug_info    0x0000000000001e01      0x449 ./Core/Src/stm32f4xx_hal_msp.o
 .debug_info    0x000000000000224a      0x11a ./Core/Src/stm32f4xx_it.o
 .debug_info    0x0000000000002364      0x168 ./Core/Src/sysmem.o
 .debug_info    0x00000000000024cc      0x53e ./Core/Src/system_stm32f4xx.o
 .debug_info    0x0000000000002a0a      0x930 ./Core/Src/usart.o
 .debug_info    0x000000000000333a       0x23 ./Core/Startup/startup_stm32f401retx.o
 .debug_info    0x000000000000335d      0x8bb ./Drivers/STM32F4xx_HAL_Driver/Src/stm32f4xx_hal.o
 .debug_info    0x0000000000003c18      0xcb0 ./Drivers/STM32F4xx_HAL_Driver/Src/stm32f4xx_hal_cortex.o
 .debug_info    0x00000000000048c8      0x6f9 ./Drivers/STM32F4xx_HAL_Driver/Src/stm32f4xx_hal_gpio.o
 .debug_info    0x0000000000004fc1      0x8f3 ./Drivers/STM32F4xx_HAL_Driver/Src/stm32f4xx_hal_rcc.o
 .debug_info    0x00000000000058b4     0x2fbf ./Drivers/STM32F4xx_HAL_Driver/Src/stm32f4xx_hal_uart.o
 .debug_info    0x0000000000008873     0x39bd ./Middlewares/Third_Party/FreeRTOS/Source/CMSIS_RTOS_V2/cmsis_os2.o
 .debug_info    0x000000000000c230      0x2af ./Middlewares/Third_Party/FreeRTOS/Source/list.o
 .debug_info    0x000000000000c4df     0x1b79 ./Middlewares/Third_Party/FreeRTOS/Source/queue.o
 .debug_info    0x000000000000e058     0x21ec ./Middlewares/Third_Party/FreeRTOS/Source/tasks.o
 .debug_info    0x0000000000010244     0x1488 ./Middlewares/Third_Party/FreeRTOS/Source/timers.o
 .debug_info    0x00000000000116cc      0x4de ./Middlewares/Third_Party/FreeRTOS/Source/portable/GCC/ARM_CM4F/port.o
 .debug_info    0x0000000000011baa      0x4d5 ./Middlewares/Third_Party/FreeRTOS/Source/portable/MemMang/heap_4.o

.debug_abbrev   0x0000000000000000     0x33f2
 .debug_abbrev  0x0000000000000000       0x72 ./Core/App/app.o
 .debug_abbrev  0x0000000000000072      0x1d4 ./Core/App/app_led.o
 .debug_abbrev  0x0000000000000246      0x154 ./Core/App/app_logger.o
 .debug_abbrev  0x000000000000039a      0x197 ./Core/Drivers/drv_uart.o
 .debug_abbrev  0x0000000000000531      0x12a ./Core/Services/logger_service.o
 .debug_abbrev  0x000000000000065b      0x167 ./Core/Services/queue_service.o
 .debug_abbrev  0x00000000000007c2      0x136 ./Core/Src/freertos.o
 .debug_abbrev  0x00000000000008f8      0x151 ./Core/Src/gpio.o
 .debug_abbrev  0x0000000000000a49      0x200 ./Core/Src/main.o
 .debug_abbrev  0x0000000000000c49      0x119 ./Core/Src/stm32f4xx_hal_msp.o
 .debug_abbrev  0x0000000000000d62       0x97 ./Core/Src/stm32f4xx_it.o
 .debug_abbrev  0x0000000000000df9       0xbc ./Core/Src/sysmem.o
 .debug_abbrev  0x0000000000000eb5      0x11a ./Core/Src/system_stm32f4xx.o
 .debug_abbrev  0x0000000000000fcf      0x1f8 ./Core/Src/usart.o
 .debug_abbrev  0x00000000000011c7       0x12 ./Core/Startup/startup_stm32f401retx.o
 .debug_abbrev  0x00000000000011d9      0x24b ./Drivers/STM32F4xx_HAL_Driver/Src/stm32f4xx_hal.o
 .debug_abbrev  0x0000000000001424      0x327 ./Drivers/STM32F4xx_HAL_Driver/Src/stm32f4xx_hal_cortex.o
 .debug_abbrev  0x000000000000174b      0x1d3 ./Drivers/STM32F4xx_HAL_Driver/Src/stm32f4xx_hal_gpio.o
 .debug_abbrev  0x000000000000191e      0x2b5 ./Drivers/STM32F4xx_HAL_Driver/Src/stm32f4xx_hal_rcc.o
 .debug_abbrev  0x0000000000001bd3      0x31b ./Drivers/STM32F4xx_HAL_Driver/Src/stm32f4xx_hal_uart.o
 .debug_abbrev  0x0000000000001eee      0x508 ./Middlewares/Third_Party/FreeRTOS/Source/CMSIS_RTOS_V2/cmsis_os2.o
 .debug_abbrev  0x00000000000023f6       0xf5 ./Middlewares/Third_Party/FreeRTOS/Source/list.o
 .debug_abbrev  0x00000000000024eb      0x3b6 ./Middlewares/Third_Party/FreeRTOS/Source/queue.o
 .debug_abbrev  0x00000000000028a1      0x386 ./Middlewares/Third_Party/FreeRTOS/Source/tasks.o
 .debug_abbrev  0x0000000000002c27      0x352 ./Middlewares/Third_Party/FreeRTOS/Source/timers.o
 .debug_abbrev  0x0000000000002f79      0x25c ./Middlewares/Third_Party/FreeRTOS/Source/portable/GCC/ARM_CM4F/port.o
 .debug_abbrev  0x00000000000031d5      0x21d ./Middlewares/Third_Party/FreeRTOS/Source/portable/MemMang/heap_4.o

.debug_aranges  0x0000000000000000      0xf78
 .debug_aranges
                0x0000000000000000       0x28 ./Core/App/app.o
 .debug_aranges
                0x0000000000000028       0x28 ./Core/App/app_led.o
 .debug_aranges
                0x0000000000000050       0x28 ./Core/App/app_logger.o
 .debug_aranges
                0x0000000000000078       0x28 ./Core/Drivers/drv_uart.o
 .debug_aranges
                0x00000000000000a0       0x28 ./Core/Services/logger_service.o
 .debug_aranges
                0x00000000000000c8       0x30 ./Core/Services/queue_service.o
 .debug_aranges
                0x00000000000000f8       0x28 ./Core/Src/freertos.o
 .debug_aranges
                0x0000000000000120       0x20 ./Core/Src/gpio.o
 .debug_aranges
                0x0000000000000140       0x30 ./Core/Src/main.o
 .debug_aranges
                0x0000000000000170       0x20 ./Core/Src/stm32f4xx_hal_msp.o
 .debug_aranges
                0x0000000000000190       0x50 ./Core/Src/stm32f4xx_it.o
 .debug_aranges
                0x00000000000001e0       0x20 ./Core/Src/sysmem.o
 .debug_aranges
                0x0000000000000200       0x28 ./Core/Src/system_stm32f4xx.o
 .debug_aranges
                0x0000000000000228       0x30 ./Core/Src/usart.o
 .debug_aranges
                0x0000000000000258       0x28 ./Core/Startup/startup_stm32f401retx.o
 .debug_aranges
                0x0000000000000280       0xf0 ./Drivers/STM32F4xx_HAL_Driver/Src/stm32f4xx_hal.o
 .debug_aranges
                0x0000000000000370      0x118 ./Drivers/STM32F4xx_HAL_Driver/Src/stm32f4xx_hal_cortex.o
 .debug_aranges
                0x0000000000000488       0x58 ./Drivers/STM32F4xx_HAL_Driver/Src/stm32f4xx_hal_gpio.o
 .debug_aranges
                0x00000000000004e0       0x88 ./Drivers/STM32F4xx_HAL_Driver/Src/stm32f4xx_hal_rcc.o
 .debug_aranges
                0x0000000000000568      0x200 ./Drivers/STM32F4xx_HAL_Driver/Src/stm32f4xx_hal_uart.o
 .debug_aranges
                0x0000000000000768      0x2a8 ./Middlewares/Third_Party/FreeRTOS/Source/CMSIS_RTOS_V2/cmsis_os2.o
 .debug_aranges
                0x0000000000000a10       0x40 ./Middlewares/Third_Party/FreeRTOS/Source/list.o
 .debug_aranges
                0x0000000000000a50      0x158 ./Middlewares/Third_Party/FreeRTOS/Source/queue.o
 .debug_aranges
                0x0000000000000ba8      0x208 ./Middlewares/Third_Party/FreeRTOS/Source/tasks.o
 .debug_aranges
                0x0000000000000db0       0xf0 ./Middlewares/Third_Party/FreeRTOS/Source/timers.o
 .debug_aranges
                0x0000000000000ea0       0x80 ./Middlewares/Third_Party/FreeRTOS/Source/portable/GCC/ARM_CM4F/port.o
 .debug_aranges
                0x0000000000000f20       0x58 ./Middlewares/Third_Party/FreeRTOS/Source/portable/MemMang/heap_4.o

.debug_rnglists
                0x0000000000000000      0xba8
 .debug_rnglists
                0x0000000000000000       0x19 ./Core/App/app.o
 .debug_rnglists
                0x0000000000000019       0x19 ./Core/App/app_led.o
 .debug_rnglists
                0x0000000000000032       0x19 ./Core/App/app_logger.o
 .debug_rnglists
                0x000000000000004b       0x19 ./Core/Drivers/drv_uart.o
 .debug_rnglists
                0x0000000000000064       0x19 ./Core/Services/logger_service.o
 .debug_rnglists
                0x000000000000007d       0x1f ./Core/Services/queue_service.o
 .debug_rnglists
                0x000000000000009c       0x19 ./Core/Src/freertos.o
 .debug_rnglists
                0x00000000000000b5       0x14 ./Core/Src/gpio.o
 .debug_rnglists
                0x00000000000000c9       0x20 ./Core/Src/main.o
 .debug_rnglists
                0x00000000000000e9       0x13 ./Core/Src/stm32f4xx_hal_msp.o
 .debug_rnglists
                0x00000000000000fc       0x37 ./Core/Src/stm32f4xx_it.o
 .debug_rnglists
                0x0000000000000133       0x13 ./Core/Src/sysmem.o
 .debug_rnglists
                0x0000000000000146       0x1a ./Core/Src/system_stm32f4xx.o
 .debug_rnglists
                0x0000000000000160       0x20 ./Core/Src/usart.o
 .debug_rnglists
                0x0000000000000180       0x19 ./Core/Startup/startup_stm32f401retx.o
 .debug_rnglists
                0x0000000000000199       0xaf ./Drivers/STM32F4xx_HAL_Driver/Src/stm32f4xx_hal.o
 .debug_rnglists
                0x0000000000000248       0xce ./Drivers/STM32F4xx_HAL_Driver/Src/stm32f4xx_hal_cortex.o
 .debug_rnglists
                0x0000000000000316       0x3f ./Drivers/STM32F4xx_HAL_Driver/Src/stm32f4xx_hal_gpio.o
 .debug_rnglists
                0x0000000000000355       0x66 ./Drivers/STM32F4xx_HAL_Driver/Src/stm32f4xx_hal_rcc.o
 .debug_rnglists
                0x00000000000003bb      0x1b7 ./Drivers/STM32F4xx_HAL_Driver/Src/stm32f4xx_hal_uart.o
 .debug_rnglists
                0x0000000000000572      0x20c ./Middlewares/Third_Party/FreeRTOS/Source/CMSIS_RTOS_V2/cmsis_os2.o
 .debug_rnglists
                0x000000000000077e       0x2b ./Middlewares/Third_Party/FreeRTOS/Source/list.o
 .debug_rnglists
                0x00000000000007a9      0x109 ./Middlewares/Third_Party/FreeRTOS/Source/queue.o
 .debug_rnglists
                0x00000000000008b2      0x1a0 ./Middlewares/Third_Party/FreeRTOS/Source/tasks.o
 .debug_rnglists
                0x0000000000000a52       0xb7 ./Middlewares/Third_Party/FreeRTOS/Source/timers.o
 .debug_rnglists
                0x0000000000000b09       0x5d ./Middlewares/Third_Party/FreeRTOS/Source/portable/GCC/ARM_CM4F/port.o
 .debug_rnglists
                0x0000000000000b66       0x42 ./Middlewares/Third_Party/FreeRTOS/Source/portable/MemMang/heap_4.o

.debug_macro    0x0000000000000000    0x1867b
 .debug_macro   0x0000000000000000      0x111 ./Core/App/app.o
 .debug_macro   0x0000000000000111      0xaa8 ./Core/App/app.o
 .debug_macro   0x0000000000000bb9       0x22 ./Core/App/app.o
 .debug_macro   0x0000000000000bdb       0x8e ./Core/App/app.o
 .debug_macro   0x0000000000000c69       0x51 ./Core/App/app.o
 .debug_macro   0x0000000000000cba      0x103 ./Core/App/app.o
 .debug_macro   0x0000000000000dbd       0x6a ./Core/App/app.o
 .debug_macro   0x0000000000000e27      0x1df ./Core/App/app.o
 .debug_macro   0x0000000000001006      0x174 ./Core/App/app.o
 .debug_macro   0x000000000000117a      0x169 ./Core/App/app.o
 .debug_macro   0x00000000000012e3      0x15a ./Core/App/app.o
 .debug_macro   0x000000000000143d       0xc9 ./Core/App/app.o
 .debug_macro   0x0000000000001506       0x1c ./Core/App/app.o
 .debug_macro   0x0000000000001522       0x26 ./Core/App/app.o
 .debug_macro   0x0000000000001548      0x4c5 ./Core/App/app.o
 .debug_macro   0x0000000000001a0d       0xb5 ./Core/App/app.o
 .debug_macro   0x0000000000001ac2       0xaa ./Core/App/app.o
 .debug_macro   0x0000000000001b6c       0x87 ./Core/App/app.o
 .debug_macro   0x0000000000001bf3      0x25e ./Core/App/app_led.o
 .debug_macro   0x0000000000001e51      0x295 ./Core/App/app_led.o
 .debug_macro   0x00000000000020e6       0x2e ./Core/App/app_led.o
 .debug_macro   0x0000000000002114       0x28 ./Core/App/app_led.o
 .debug_macro   0x000000000000213c       0x1c ./Core/App/app_led.o
 .debug_macro   0x0000000000002158       0x22 ./Core/App/app_led.o
 .debug_macro   0x000000000000217a       0xd9 ./Core/App/app_led.o
 .debug_macro   0x0000000000002253     0x102d ./Core/App/app_led.o
 .debug_macro   0x0000000000003280      0x11f ./Core/App/app_led.o
 .debug_macro   0x000000000000339f     0xb86c ./Core/App/app_led.o
 .debug_macro   0x000000000000ec0b       0x6d ./Core/App/app_led.o
 .debug_macro   0x000000000000ec78     0x367e ./Core/App/app_led.o
 .debug_macro   0x00000000000122f6       0x5c ./Core/App/app_led.o
 .debug_macro   0x0000000000012352      0x416 ./Core/App/app_led.o
 .debug_macro   0x0000000000012768      0x9fe ./Core/App/app_led.o
 .debug_macro   0x0000000000013166      0x115 ./Core/App/app_led.o
 .debug_macro   0x000000000001327b       0xf8 ./Core/App/app_led.o
 .debug_macro   0x0000000000013373       0xa5 ./Core/App/app_led.o
 .debug_macro   0x0000000000013418      0x15f ./Core/App/app_led.o
 .debug_macro   0x0000000000013577      0x287 ./Core/App/app_led.o
 .debug_macro   0x00000000000137fe       0x5f ./Core/App/app_led.o
 .debug_macro   0x000000000001385d      0x236 ./Core/App/app_led.o
 .debug_macro   0x0000000000013a93      0x132 ./Core/App/app_led.o
 .debug_macro   0x0000000000013bc5      0x264 ./Core/App/app_led.o
 .debug_macro   0x0000000000013e29       0x2e ./Core/App/app_led.o
 .debug_macro   0x0000000000013e57      0x11a ./Core/App/app_led.o
 .debug_macro   0x0000000000013f71       0x85 ./Core/App/app_led.o
 .debug_macro   0x0000000000013ff6       0x89 ./Core/App/app_led.o
 .debug_macro   0x000000000001407f      0x295 ./Core/App/app_led.o
 .debug_macro   0x0000000000014314      0x126 ./Core/App/app_led.o
 .debug_macro   0x000000000001443a       0x10 ./Core/App/app_led.o
 .debug_macro   0x000000000001444a      0x169 ./Core/App/app_led.o
 .debug_macro   0x00000000000145b3      0x266 ./Core/App/app_logger.o
 .debug_macro   0x0000000000014819      0x2ab ./Core/Drivers/drv_uart.o
 .debug_macro   0x0000000000014ac4       0x61 ./Core/Drivers/drv_uart.o
 .debug_macro   0x0000000000014b25       0x2a ./Core/Drivers/drv_uart.o
 .debug_macro   0x0000000000014b4f       0x43 ./Core/Drivers/drv_uart.o
 .debug_macro   0x0000000000014b92       0x34 ./Core/Drivers/drv_uart.o
 .debug_macro   0x0000000000014bc6       0x16 ./Core/Drivers/drv_uart.o
 .debug_macro   0x0000000000014bdc       0x43 ./Core/Drivers/drv_uart.o
 .debug_macro   0x0000000000014c1f       0x34 ./Core/Drivers/drv_uart.o
 .debug_macro   0x0000000000014c53       0x10 ./Core/Drivers/drv_uart.o
 .debug_macro   0x0000000000014c63       0x58 ./Core/Drivers/drv_uart.o
 .debug_macro   0x0000000000014cbb       0x8e ./Core/Drivers/drv_uart.o
 .debug_macro   0x0000000000014d49       0x1c ./Core/Drivers/drv_uart.o
 .debug_macro   0x0000000000014d65      0x177 ./Core/Drivers/drv_uart.o
 .debug_macro   0x0000000000014edc      0x369 ./Core/Drivers/drv_uart.o
 .debug_macro   0x0000000000015245       0x10 ./Core/Drivers/drv_uart.o
 .debug_macro   0x0000000000015255       0x35 ./Core/Drivers/drv_uart.o
 .debug_macro   0x000000000001528a       0x20 ./Core/Drivers/drv_uart.o
 .debug_macro   0x00000000000152aa      0x1d5 ./Core/Services/logger_service.o
 .debug_macro   0x000000000001547f       0x16 ./Core/Services/logger_service.o
 .debug_macro   0x0000000000015495       0x10 ./Core/Services/logger_service.o
 .debug_macro   0x00000000000154a5       0x16 ./Core/Services/logger_service.o
 .debug_macro   0x00000000000154bb       0x16 ./Core/Services/logger_service.o
 .debug_macro   0x00000000000154d1      0x147 ./Core/Services/logger_service.o
 .debug_macro   0x0000000000015618       0xe9 ./Core/Services/queue_service.o
 .debug_macro   0x0000000000015701      0x25d ./Core/Src/freertos.o
 .debug_macro   0x000000000001595e       0x6c ./Core/Src/freertos.o
 .debug_macro   0x00000000000159ca       0x74 ./Core/Src/freertos.o
 .debug_macro   0x0000000000015a3e       0xdd ./Core/Src/freertos.o
 .debug_macro   0x0000000000015b1b      0x1d3 ./Core/Src/gpio.o
 .debug_macro   0x0000000000015cee      0x271 ./Core/Src/main.o
 .debug_macro   0x0000000000015f5f       0x66 ./Core/Src/main.o
 .debug_macro   0x0000000000015fc5      0x1c9 ./Core/Src/stm32f4xx_hal_msp.o
 .debug_macro   0x000000000001618e      0x23b ./Core/Src/stm32f4xx_it.o
 .debug_macro   0x00000000000163c9       0xff ./Core/Src/sysmem.o
 .debug_macro   0x00000000000164c8      0x23c ./Core/Src/sysmem.o
 .debug_macro   0x0000000000016704      0x1ba ./Core/Src/system_stm32f4xx.o
 .debug_macro   0x00000000000168be      0x1d3 ./Core/Src/usart.o
 .debug_macro   0x0000000000016a91      0x21a ./Drivers/STM32F4xx_HAL_Driver/Src/stm32f4xx_hal.o
 .debug_macro   0x0000000000016cab      0x1ba ./Drivers/STM32F4xx_HAL_Driver/Src/stm32f4xx_hal_cortex.o
 .debug_macro   0x0000000000016e65      0x1c0 ./Drivers/STM32F4xx_HAL_Driver/Src/stm32f4xx_hal_gpio.o
 .debug_macro   0x0000000000017025      0x1de ./Drivers/STM32F4xx_HAL_Driver/Src/stm32f4xx_hal_rcc.o
 .debug_macro   0x0000000000017203      0x1bb ./Drivers/STM32F4xx_HAL_Driver/Src/stm32f4xx_hal_uart.o
 .debug_macro   0x00000000000173be      0x3b1 ./Middlewares/Third_Party/FreeRTOS/Source/CMSIS_RTOS_V2/cmsis_os2.o